MPLINK 4.44, Linker
Linker Map File - Created Mon Jan 12 00:46:35 2015

                                 Section Info
                  Section       Type    Address   Location Size(Bytes)
                ---------  ---------  ---------  ---------  ---------
               _entry_scn       code   0x000000    program   0x000006
           .code___init.o       code   0x000006    program   0x000002
               VectorHigh       code   0x000008    program   0x000006
                   .cinit    romdata   0x00000e    program   0x00001a
             .code_misc.o       code   0x000028    program   0x002776
             .code_uart.o       code   0x00279e    program   0x000b1a
             .code_main.o       code   0x0032b8    program   0x000688
                     PROG       code   0x003940    program   0x00051c
           .code_ds1307.o       code   0x003e5c    program   0x00042e
        .code_i2c_tools.o       code   0x00428a    program   0x0003ee
              .code_i2c.o       code   0x004678    program   0x000340
            .code_fchop.o       code   0x0049b8    program   0x000292
           .code_ds1621.o       code   0x004c4a    program   0x00014c
         .code_UnpkMath.o       code   0x004d96    program   0x00011c
         .code_PackMath.o       code   0x004eb2    program   0x00011a
             .code_ceil.o       code   0x004fcc    program   0x000110
           .code_delays.o       code   0x0050dc    program   0x0000d8
               _cinit_scn       code   0x0051b4    program   0x00009e
             .stringtable    romdata   0x005252    program   0x000098
         .code_fxd3232u.o       code   0x0052ea    program   0x000048
                    .code       code   0x005332    program   0x000020
             _startup_scn       code   0x005352    program   0x00001c
         .code_fxd0808u.o       code   0x00536e    program   0x00001c
.code_interrupts_management.o       code   0x00538a    program   0x000018
      .romdata_fxd3232u.o    romdata   0x0053a2    program   0x000000
      .romdata_fxd0808u.o    romdata   0x0053a2    program   0x000000
        .romdata___init.o    romdata   0x0053a2    program   0x000000
         .romdata_c018i.o    romdata   0x0053a2    program   0x000000
         .romdata_errno.o    romdata   0x0053a2    program   0x000000
          .romdata_misc.o    romdata   0x0053a2    program   0x000000
          .idata_misc.o_i    romdata   0x0053a2    program   0x000000
     .romdata_i2c_tools.o    romdata   0x0053a2    program   0x000000
          .idata_main.o_i    romdata   0x0053a2    program   0x000003
          .romdata_main.o    romdata   0x0053a2    program   0x000000
        .romdata_delays.o    romdata   0x0053a2    program   0x000000
          .romdata_ceil.o    romdata   0x0053a2    program   0x000000
      .romdata_UnpkMath.o    romdata   0x0053a2    program   0x000000
        .romdata_ds1621.o    romdata   0x0053a2    program   0x000000
      .romdata_PackMath.o    romdata   0x0053a2    program   0x000000
.romdata_interrupts_management.o    romdata   0x0053a2    program   0x000000
        .romdata_ds1307.o    romdata   0x0053a2    program   0x000000
         .romdata_fchop.o    romdata   0x0053a2    program   0x000000
           .romdata_i2c.o    romdata   0x0053a2    program   0x000000
          .romdata_uart.o    romdata   0x0053a2    program   0x000000
          .idata_uart.o_i    romdata   0x0053a2    program   0x000000
     .idata_i2c_tools.o_i    romdata   0x0053a5    program   0x000000
.idata_interrupts_management.o_i    romdata   0x0053a5    program   0x000000
           .idata_i2c.o_i    romdata   0x0053a5    program   0x000003
         .idata_c018i.o_i    romdata   0x0053a8    program   0x000000
            .code_errno.o       code   0x0053a8    program   0x000000
            .code_c018i.o       code   0x0053a8    program   0x000000
         .idata_errno.o_i    romdata   0x0053a8    program   0x000000
      .idata_UnpkMath.o_i    romdata   0x0053a8    program   0x000000
      .idata_PackMath.o_i    romdata   0x0053a8    program   0x000000
        .idata_ds1307.o_i    romdata   0x0053a8    program   0x000000
         .idata_fchop.o_i    romdata   0x0053a8    program   0x000000
        .idata_ds1621.o_i    romdata   0x0053a8    program   0x000000
        .idata_delays.o_i    romdata   0x0053a8    program   0x000000
          .idata_ceil.o_i    romdata   0x0053a8    program   0x000000
      .idata_fxd0808u.o_i    romdata   0x0053a8    program   0x000000
        .idata___init.o_i    romdata   0x0053a8    program   0x000000
      .idata_fxd3232u.o_i    romdata   0x0053a8    program   0x000000
    .config_300001_main.o    romdata   0x300001    program   0x000001
    .config_300003_main.o    romdata   0x300003    program   0x000001
    .config_300006_main.o    romdata   0x300006    program   0x000001
                 .tmpdata      udata   0x000000       data   0x00001c
                MATH_DATA      udata   0x00001c       data   0x000014
           .udata_c018i.o      udata   0x000080       data   0x00000a
            .udata_main.o      udata   0x00008a       data   0x000007
            .idata_main.o      idata   0x000091       data   0x000003
             .idata_i2c.o      idata   0x000094       data   0x000003
           .udata_errno.o      udata   0x000097       data   0x000002
        .udata_fxd0808u.o      udata   0x000099       data   0x000000
        .idata_fxd0808u.o      idata   0x000099       data   0x000000
        .udata_fxd3232u.o      udata   0x000099       data   0x000000
        .idata_fxd3232u.o      idata   0x000099       data   0x000000
          .udata___init.o      udata   0x000099       data   0x000000
          .idata___init.o      idata   0x000099       data   0x000000
            .udata_ceil.o      udata   0x000099       data   0x000000
            .idata_ceil.o      idata   0x000099       data   0x000000
           .udata_fchop.o      udata   0x000099       data   0x000000
           .idata_fchop.o      idata   0x000099       data   0x000000
        .udata_PackMath.o      udata   0x000099       data   0x000000
        .idata_PackMath.o      idata   0x000099       data   0x000000
        .udata_UnpkMath.o      udata   0x000099       data   0x000000
        .idata_UnpkMath.o      idata   0x000099       data   0x000000
           .idata_errno.o      idata   0x000099       data   0x000000
.udata_interrupts_management.o      udata   0x000099       data   0x000000
.idata_interrupts_management.o      idata   0x000099       data   0x000000
             .udata_i2c.o      udata   0x000099       data   0x000000
            .udata_uart.o      udata   0x000099       data   0x000000
            .idata_uart.o      idata   0x000099       data   0x000000
          .udata_ds1307.o      udata   0x000099       data   0x000000
          .idata_ds1307.o      idata   0x000099       data   0x000000
          .udata_ds1621.o      udata   0x000099       data   0x000000
          .idata_ds1621.o      idata   0x000099       data   0x000000
          .udata_delays.o      udata   0x000099       data   0x000000
          .idata_delays.o      idata   0x000099       data   0x000000
       .udata_i2c_tools.o      udata   0x000099       data   0x000000
       .idata_i2c_tools.o      idata   0x000099       data   0x000000
            .udata_misc.o      udata   0x000099       data   0x000000
            .idata_misc.o      idata   0x000099       data   0x000000
           .idata_c018i.o      idata   0x000099       data   0x000000
                   .stack      udata   0x000500       data   0x000100
            SFR_UNBANKED0      udata   0x000f80       data   0x000015
            SFR_UNBANKED1      udata   0x000f9d       data   0x000063



                              Program Memory Usage 
                               Start         End      
                           ---------   ---------      
                            0x000000    0x0053a7      
                            0x300001    0x300001      
                            0x300003    0x300003      
                            0x300006    0x300006      
            21419 out of 33048 program addresses used, program memory utilization is 64%



                              Symbols - Sorted by Name
                     Name    Address   Location    Storage File                     
                ---------  ---------  ---------  --------- ---------                
                 FLO3232S   0x003944    program     extern D:\3.43\pic18-lt\cxx-framework\src\traditional\math\cast32FP.asm
                 FLO3232U   0x003940    program     extern D:\3.43\pic18-lt\cxx-framework\src\traditional\math\cast32FP.asm
                    FPA32   0x003978    program     extern D:\3.43\pic18-lt\cxx-framework\src\traditional\math\addFP.asm
                    FPD32   0x003aa4    program     extern D:\3.43\pic18-lt\cxx-framework\src\traditional\math\divFP.asm
                    FPM32   0x003b4a    program     extern D:\3.43\pic18-lt\cxx-framework\src\traditional\math\mulFP.asm
                    FPS32   0x003976    program     extern D:\3.43\pic18-lt\cxx-framework\src\traditional\math\addFP.asm
                 FXD0808U   0x00536e    program     extern D:\3.43\pic18-lt\cxx-framework\src\traditional\math\fxd0808u.c
                 FXD3232U   0x0052ea    program     extern D:\3.43\pic18-lt\cxx-framework\src\traditional\math\fxd3232u.c
                  INT3216   0x003c24    program     extern D:\3.43\pic18-lt\cxx-framework\src\traditional\math\castFP16.asm
          InterruptTimer2   0x0032b8    program     extern D:\Electronique\MCU\PIC\PIC18\horloge_ronde_rouge_5mm\main.c
      InterruptVectorHigh   0x000008    program     extern D:\Electronique\MCU\PIC\PIC18\horloge_ronde_rouge_5mm\main.c
                  TAGTB32   0x003c82    program     extern D:\3.43\pic18-lt\cxx-framework\src\traditional\math\gtFP.asm
                  TALTB32   0x003c94    program     extern D:\3.43\pic18-lt\cxx-framework\src\traditional\math\ltFP.asm
                _PackMath   0x004eb2    program     extern D:\3.43\pic18-lt\cxx-framework\src\traditional\stdclib\PackMath.c
                _UnpkMath   0x004d96    program     extern D:\3.43\pic18-lt\cxx-framework\src\traditional\stdclib\UnpkMath.c
              __FpCompare   0x003ca6    program     extern D:\3.43\pic18-lt\cxx-framework\src\traditional\math\compFP.asm
                 __FpExit   0x003d5c    program     extern D:\3.43\pic18-lt\cxx-framework\src\traditional\math\packFP.asm
                 __FpPack   0x003d88    program     extern D:\3.43\pic18-lt\cxx-framework\src\traditional\math\packFP.asm
            __FpReturnNaN   0x003d50    program     extern D:\3.43\pic18-lt\cxx-framework\src\traditional\math\packFP.asm
         __FpReturnNegInf   0x003d62    program     extern D:\3.43\pic18-lt\cxx-framework\src\traditional\math\packFP.asm
        __FpReturnNegZero   0x003d7a    program     extern D:\3.43\pic18-lt\cxx-framework\src\traditional\math\packFP.asm
         __FpReturnPosInf   0x003d68    program     extern D:\3.43\pic18-lt\cxx-framework\src\traditional\math\packFP.asm
        __FpReturnPosZero   0x003d82    program     extern D:\3.43\pic18-lt\cxx-framework\src\traditional\math\packFP.asm
        __FpReturnSignInf   0x003d5e    program     extern D:\3.43\pic18-lt\cxx-framework\src\traditional\math\packFP.asm
       __FpReturnSignZero   0x003d76    program     extern D:\3.43\pic18-lt\cxx-framework\src\traditional\math\packFP.asm
              __FpReturnW   0x003de0    program     extern D:\3.43\pic18-lt\cxx-framework\src\traditional\math\packFP.asm
              __FpUnPackA   0x003e00    program     extern D:\3.43\pic18-lt\cxx-framework\src\traditional\math\UnpackFP.asm
              __FpUnPackB   0x003e30    program     extern D:\3.43\pic18-lt\cxx-framework\src\traditional\math\UnpackFP.asm
      ___case_10_lbl00026   0x003474    program     static                          
      ___case_11_lbl00028   0x00348a    program     static                          
      ___case_12_lbl00030   0x0034a0    program     static                          
       ___case_1_lbl00008   0x0033ae    program     static                          
       ___case_2_lbl00010   0x0033c4    program     static                          
       ___case_3_lbl00012   0x0033da    program     static                          
       ___case_4_lbl00014   0x0033f0    program     static                          
       ___case_5_lbl00016   0x003406    program     static                          
       ___case_6_lbl00018   0x00341c    program     static                          
       ___case_7_lbl00020   0x003432    program     static                          
       ___case_8_lbl00022   0x003448    program     static                          
       ___case_9_lbl00024   0x00345e    program     static                          
         ___else_lbl00002   0x003338    program     static                          
          ___for_lbl00074   0x003932    program     static                          
          ___for_lbl00075   0x003936    program     static                          
          ___for_lbl00076   0x003920    program     static                          
           ___if_lbl00001   0x003344    program     static                          
           ___if_lbl00003   0x003354    program     static                          
           ___if_lbl00004   0x003364    program     static                          
           ___if_lbl00005   0x003374    program     static                          
           ___if_lbl00007   0x0033c2    program     static                          
           ___if_lbl00009   0x0033d8    program     static                          
           ___if_lbl00011   0x0033ee    program     static                          
           ___if_lbl00013   0x003404    program     static                          
           ___if_lbl00015   0x00341a    program     static                          
           ___if_lbl00017   0x003430    program     static                          
           ___if_lbl00019   0x003446    program     static                          
           ___if_lbl00021   0x00345c    program     static                          
           ___if_lbl00023   0x003472    program     static                          
           ___if_lbl00025   0x003488    program     static                          
           ___if_lbl00027   0x00349e    program     static                          
           ___if_lbl00029   0x0034b4    program     static                          
           ___if_lbl00031   0x0034b6    program     static                          
       ___return_lbl00000   0x005388    program     static                          
       ___return_lbl00000   0x0034b8    program     static                          
       ___return_lbl00000   0x005330    program     static                          
       ___return_lbl00000   0x000004    program     static                          
       ___return_lbl00001   0x00536c    program     static                          
       ___return_lbl00002   0x005250    program     static                          
       ___return_lbl00032   0x00000c    program     static                          
       ___return_lbl00073   0x003936    program     static                          
   ___switchexit_lbl00006   0x0034b6    program     static                          
               __config_0   0x300001    program     static D:\Electronique\MCU\PIC\PIC18\horloge_ronde_rouge_5mm\main.c
               __config_1   0x300003    program     static D:\Electronique\MCU\PIC\PIC18\horloge_ronde_rouge_5mm\main.c
               __config_2   0x300006    program     static D:\Electronique\MCU\PIC\PIC18\horloge_ronde_rouge_5mm\main.c
                   __init   0x000006    program     extern D:\3.43\pic18-lt\cxx-framework\src\traditional\stdclib\__init.c
                   __pa_0   0x004c32    program     static D:\3.43\pic18-lt\cxx-framework\src\traditional\stdclib\fchop.c
                   __pa_0   0x004f7a    program     static D:\3.43\pic18-lt\cxx-framework\src\traditional\stdclib\PackMath.c
                   __pa_0   0x004ea4    program     static D:\3.43\pic18-lt\cxx-framework\src\traditional\stdclib\UnpkMath.c
                   __pa_1   0x004c3c    program     static D:\3.43\pic18-lt\cxx-framework\src\traditional\stdclib\fchop.c
                   __pa_1   0x004f8a    program     static D:\3.43\pic18-lt\cxx-framework\src\traditional\stdclib\PackMath.c
                   __pa_2   0x004f98    program     static D:\3.43\pic18-lt\cxx-framework\src\traditional\stdclib\PackMath.c
                   __pa_3   0x004fa2    program     static D:\3.43\pic18-lt\cxx-framework\src\traditional\stdclib\PackMath.c
                   __pa_4   0x004fb0    program     static D:\3.43\pic18-lt\cxx-framework\src\traditional\stdclib\PackMath.c
                   __pa_5   0x004fb8    program     static D:\3.43\pic18-lt\cxx-framework\src\traditional\stdclib\PackMath.c
                   __pa_6   0x004fc0    program     static D:\3.43\pic18-lt\cxx-framework\src\traditional\stdclib\PackMath.c
               __string_0   0x005284    program     static D:\Electronique\MCU\Libraries\lib_pic\uart.c
               __string_0   0x0052c5    program     static D:\Electronique\MCU\Libraries\lib_misc\i2c_tools.c
               __string_1   0x00527c    program     static D:\Electronique\MCU\Libraries\lib_pic\uart.c
               __string_1   0x0052c3    program     static D:\Electronique\MCU\Libraries\lib_misc\i2c_tools.c
               __string_2   0x0052c0    program     static D:\Electronique\MCU\Libraries\lib_misc\i2c_tools.c
               __string_2   0x005272    program     static D:\Electronique\MCU\Libraries\lib_pic\uart.c
               __string_3   0x0052bc    program     static D:\Electronique\MCU\Libraries\lib_misc\i2c_tools.c
               __string_3   0x005269    program     static D:\Electronique\MCU\Libraries\lib_pic\uart.c
               __string_4   0x0052b8    program     static D:\Electronique\MCU\Libraries\lib_misc\i2c_tools.c
               __string_4   0x005262    program     static D:\Electronique\MCU\Libraries\lib_pic\uart.c
               __string_5   0x0052b5    program     static D:\Electronique\MCU\Libraries\lib_misc\i2c_tools.c
               __string_5   0x005259    program     static D:\Electronique\MCU\Libraries\lib_pic\uart.c
               __string_6   0x005252    program     static D:\Electronique\MCU\Libraries\lib_pic\uart.c
               __string_6   0x00528f    program     static D:\Electronique\MCU\Libraries\lib_misc\i2c_tools.c
               __string_7   0x00528b    program     static D:\Electronique\MCU\Libraries\lib_misc\i2c_tools.c
            __zero_memory   0x005332    program     extern D:\3.43\pic18-lt\cxx-framework\src\traditional\proc\p18f252.asm
                _do_cinit   0x0051b4    program     extern D:\3.43\pic18-lt\cxx-framework\src\traditional\startup\c018i.c
                   _entry   0x000000    program     extern D:\3.43\pic18-lt\cxx-framework\src\traditional\startup\c018i.c
                   _false   0x00532c    program     static                          
                   _fchop   0x0049b8    program     extern D:\3.43\pic18-lt\cxx-framework\src\traditional\stdclib\fchop.c
                 _startup   0x005352    program     extern D:\3.43\pic18-lt\cxx-framework\src\traditional\startup\c018i.c
             ascii_2_hexa   0x000078    program     extern D:\Electronique\MCU\Libraries\lib_misc\misc.c
                bcd_2_bin   0x0020ee    program     extern D:\Electronique\MCU\Libraries\lib_misc\misc.c
                bin_2_bcd   0x00209c    program     extern D:\Electronique\MCU\Libraries\lib_misc\misc.c
                     ceil   0x004fcc    program     extern D:\3.43\pic18-lt\cxx-framework\src\traditional\stdclib\ceil.c
                compare_l   0x005348    program     static D:\3.43\pic18-lt\cxx-framework\src\traditional\proc\p18f252.asm
                copy_loop   0x005226    program     static                          
            copy_one_byte   0x00522c    program     static                          
                dec_2_bcd   0x0000c8    program     extern D:\Electronique\MCU\Libraries\lib_misc\misc.c
              dec_2_bcd32   0x000278    program     extern D:\Electronique\MCU\Libraries\lib_misc\misc.c
                 delay_ms   0x005142    program     extern D:\Electronique\MCU\Libraries\lib_misc\delays.c
                 delay_us   0x0050dc    program     extern D:\Electronique\MCU\Libraries\lib_misc\delays.c
                     done   0x005250    program     static                          
             done_copying   0x00523a    program     static                          
             double_2_bcd   0x0011d2    program     extern D:\Electronique\MCU\Libraries\lib_misc\misc.c
          ds1307_get_time   0x003ebe    program     extern D:\Electronique\MCU\Libraries\lib_chips\ds1307.c
              ds1307_init   0x003e5c    program     extern D:\Electronique\MCU\Libraries\lib_chips\ds1307.c
          ds1307_set_time   0x004112    program     extern D:\Electronique\MCU\Libraries\lib_chips\ds1307.c
         ds1621_read_temp   0x004c4a    program     extern D:\Electronique\MCU\Libraries\lib_chips\ds1621.c
                  endloop   0x005384    program     static                          
             ext_int0_isr   0x005394    program     extern D:\Electronique\MCU\PIC\PIC18\horloge_ronde_rouge_5mm\interrupts_management.c
             ext_int1_isr   0x005396    program     extern D:\Electronique\MCU\PIC\PIC18\horloge_ronde_rouge_5mm\interrupts_management.c
             ext_int2_isr   0x005398    program     extern D:\Electronique\MCU\PIC\PIC18\horloge_ronde_rouge_5mm\interrupts_management.c
             ext_int3_isr   0x00539a    program     extern D:\Electronique\MCU\PIC\PIC18\horloge_ronde_rouge_5mm\interrupts_management.c
             ext_int4_isr   0x00539c    program     extern D:\Electronique\MCU\PIC\PIC18\horloge_ronde_rouge_5mm\interrupts_management.c
              float_2_bcd   0x000688    program     extern D:\Electronique\MCU\Libraries\lib_misc\misc.c
              hex16_2_bcd   0x001da6    program     extern D:\Electronique\MCU\Libraries\lib_misc\misc.c
              hex32_2_bcd   0x001ef0    program     extern D:\Electronique\MCU\Libraries\lib_misc\misc.c
                hex_2_bcd   0x001d1c    program     extern D:\Electronique\MCU\Libraries\lib_misc\misc.c
             hexa_2_ascii   0x000028    program     extern D:\Electronique\MCU\Libraries\lib_misc\misc.c
               i2c_detect   0x00428a    program     extern D:\Electronique\MCU\Libraries\lib_misc\i2c_tools.c
                 i2c_dump   0x004440    program     extern D:\Electronique\MCU\Libraries\lib_misc\i2c_tools.c
                 i2c_idle   0x00485c    program     extern D:\Electronique\MCU\Libraries\lib_pic\i2c.c
                 i2c_init   0x004678    program     extern D:\Electronique\MCU\Libraries\lib_pic\i2c.c
                 i2c_read   0x0047c0    program     extern D:\Electronique\MCU\Libraries\lib_pic\i2c.c
             i2c_read_reg   0x0048c6    program     extern D:\Electronique\MCU\Libraries\lib_pic\i2c.c
               i2c_rstart   0x00474a    program     extern D:\Electronique\MCU\Libraries\lib_pic\i2c.c
             i2c_send_ack   0x004766    program     extern D:\Electronique\MCU\Libraries\lib_pic\i2c.c
                i2c_start   0x00472e    program     extern D:\Electronique\MCU\Libraries\lib_pic\i2c.c
                 i2c_stop   0x004840    program     extern D:\Electronique\MCU\Libraries\lib_pic\i2c.c
             i2c_wait_ack   0x00478e    program     extern D:\Electronique\MCU\Libraries\lib_pic\i2c.c
                i2c_write   0x004808    program     extern D:\Electronique\MCU\Libraries\lib_pic\i2c.c
            i2c_write_reg   0x004956    program     extern D:\Electronique\MCU\Libraries\lib_pic\i2c.c
               init_array   0x0026cc    program     extern D:\Electronique\MCU\Libraries\lib_misc\misc.c
                 jANotInf   0x003b68    program     static D:\3.43\pic18-lt\cxx-framework\src\traditional\math\mulFP.asm
                 jANotInf   0x003ac2    program     static D:\3.43\pic18-lt\cxx-framework\src\traditional\math\divFP.asm
                 jANotInf   0x0039a0    program     static D:\3.43\pic18-lt\cxx-framework\src\traditional\math\addFP.asm
                 jANotNeg   0x003a34    program     static D:\3.43\pic18-lt\cxx-framework\src\traditional\math\addFP.asm
                jANotZero   0x003ad6    program     static D:\3.43\pic18-lt\cxx-framework\src\traditional\math\divFP.asm
              jAandWsetup   0x003a04    program     static D:\3.43\pic18-lt\cxx-framework\src\traditional\math\addFP.asm
                  jAisNeg   0x003d22    program     static D:\3.43\pic18-lt\cxx-framework\src\traditional\math\compFP.asm
                 jAltBexp   0x0039f2    program     static D:\3.43\pic18-lt\cxx-framework\src\traditional\math\addFP.asm
                jBANotInf   0x003996    program     static D:\3.43\pic18-lt\cxx-framework\src\traditional\math\addFP.asm
                 jBNotInf   0x0039ae    program     static D:\3.43\pic18-lt\cxx-framework\src\traditional\math\addFP.asm
              jBothFinite   0x003b76    program     static D:\3.43\pic18-lt\cxx-framework\src\traditional\math\mulFP.asm
             jBothNotZero   0x003b82    program     static D:\3.43\pic18-lt\cxx-framework\src\traditional\math\mulFP.asm
             jBothNotZero   0x003cc4    program     static D:\3.43\pic18-lt\cxx-framework\src\traditional\math\compFP.asm
            jDifOrPosSign   0x0039c2    program     static D:\3.43\pic18-lt\cxx-framework\src\traditional\math\addFP.asm
                      jEQ   0x003ce0    program     static D:\3.43\pic18-lt\cxx-framework\src\traditional\math\compFP.asm
                    jExch   0x003cec    program     static D:\3.43\pic18-lt\cxx-framework\src\traditional\math\compFP.asm
                    jExit   0x003c80    program     static D:\3.43\pic18-lt\cxx-framework\src\traditional\math\castFP16.asm
                   jExpEQ   0x003d32    program     static D:\3.43\pic18-lt\cxx-framework\src\traditional\math\compFP.asm
                   jFinal   0x003d16    program     static D:\3.43\pic18-lt\cxx-framework\src\traditional\math\compFP.asm
               jFinalSign   0x003a9c    program     static D:\3.43\pic18-lt\cxx-framework\src\traditional\math\addFP.asm
                jHaveZero   0x003b7e    program     static D:\3.43\pic18-lt\cxx-framework\src\traditional\math\mulFP.asm
                jI2F32Beg   0x00395c    program     static D:\3.43\pic18-lt\cxx-framework\src\traditional\math\cast32FP.asm
                    jLoop   0x003c60    program     static D:\3.43\pic18-lt\cxx-framework\src\traditional\math\castFP16.asm
                    jLoop   0x003afe    program     static D:\3.43\pic18-lt\cxx-framework\src\traditional\math\divFP.asm
                jLoopExit   0x003c70    program     static D:\3.43\pic18-lt\cxx-framework\src\traditional\math\castFP16.asm
                     jMax   0x003c34    program     static D:\3.43\pic18-lt\cxx-framework\src\traditional\math\castFP16.asm
                  jMaxNeg   0x003c42    program     static D:\3.43\pic18-lt\cxx-framework\src\traditional\math\castFP16.asm
                  jMaxPos   0x003c38    program     static D:\3.43\pic18-lt\cxx-framework\src\traditional\math\castFP16.asm
                      jNE   0x003ce4    program     static D:\3.43\pic18-lt\cxx-framework\src\traditional\math\compFP.asm
                    jNext   0x003b24    program     static D:\3.43\pic18-lt\cxx-framework\src\traditional\math\divFP.asm
                jNoAdjust   0x003b22    program     static D:\3.43\pic18-lt\cxx-framework\src\traditional\math\divFP.asm
                  jNoExch   0x003d0c    program     static D:\3.43\pic18-lt\cxx-framework\src\traditional\math\compFP.asm
             jNotBothZero   0x0039c6    program     static D:\3.43\pic18-lt\cxx-framework\src\traditional\math\addFP.asm
                  jNotInf   0x003c50    program     static D:\3.43\pic18-lt\cxx-framework\src\traditional\math\castFP16.asm
                  jPkLoop   0x003d96    program     static D:\3.43\pic18-lt\cxx-framework\src\traditional\math\packFP.asm
             jPkRoundDone   0x003de0    program     static D:\3.43\pic18-lt\cxx-framework\src\traditional\math\packFP.asm
               jPkRoundIt   0x003dc8    program     static D:\3.43\pic18-lt\cxx-framework\src\traditional\math\packFP.asm
             jPkShiftDone   0x003db2    program     static D:\3.43\pic18-lt\cxx-framework\src\traditional\math\packFP.asm
           jReturnPosInf0   0x003d6c    program     static D:\3.43\pic18-lt\cxx-framework\src\traditional\math\packFP.asm
                  jRotate   0x003d3e    program     static D:\3.43\pic18-lt\cxx-framework\src\traditional\math\compFP.asm
                   jShift   0x003d28    program     static D:\3.43\pic18-lt\cxx-framework\src\traditional\math\compFP.asm
               jShiftDone   0x003a5c    program     static D:\3.43\pic18-lt\cxx-framework\src\traditional\math\addFP.asm
               jShiftLoop   0x003a4e    program     static D:\3.43\pic18-lt\cxx-framework\src\traditional\math\addFP.asm
                jSignDone   0x003a8c    program     static D:\3.43\pic18-lt\cxx-framework\src\traditional\math\addFP.asm
              jSignedZero   0x003acc    program     static D:\3.43\pic18-lt\cxx-framework\src\traditional\math\divFP.asm
                 jSignsEQ   0x003cc8    program     static D:\3.43\pic18-lt\cxx-framework\src\traditional\math\compFP.asm
                  jUnpkA1   0x003e0a    program     static D:\3.43\pic18-lt\cxx-framework\src\traditional\math\UnpackFP.asm
                  jUnpkA2   0x003e22    program     static D:\3.43\pic18-lt\cxx-framework\src\traditional\math\UnpackFP.asm
                 jUnpkANZ   0x003e18    program     static D:\3.43\pic18-lt\cxx-framework\src\traditional\math\UnpackFP.asm
                  jUnpkB1   0x003e3a    program     static D:\3.43\pic18-lt\cxx-framework\src\traditional\math\UnpackFP.asm
                  jUnpkB2   0x003e52    program     static D:\3.43\pic18-lt\cxx-framework\src\traditional\math\UnpackFP.asm
                 jUnpkBNZ   0x003e48    program     static D:\3.43\pic18-lt\cxx-framework\src\traditional\math\UnpackFP.asm
                 jUnpkNaN   0x003e2c    program     static D:\3.43\pic18-lt\cxx-framework\src\traditional\math\UnpackFP.asm
                 jWNotNeg   0x003a48    program     static D:\3.43\pic18-lt\cxx-framework\src\traditional\math\addFP.asm
                    jZero   0x003c4a    program     static D:\3.43\pic18-lt\cxx-framework\src\traditional\math\castFP16.asm
               jZero1and2   0x003d70    program     static D:\3.43\pic18-lt\cxx-framework\src\traditional\math\packFP.asm
                     loop   0x005376    program     static                          
                     loop   0x0052f8    program     static                          
                     loop   0x005362    program     static                          
                   loop_h   0x005340    program     static D:\3.43\pic18-lt\cxx-framework\src\traditional\proc\p18f252.asm
                   loop_l   0x00534a    program     static D:\3.43\pic18-lt\cxx-framework\src\traditional\proc\p18f252.asm
                     main   0x0034c0    program     extern D:\Electronique\MCU\PIC\PIC18\horloge_ronde_rouge_5mm\main.c
                      max   0x0023bc    program     extern D:\Electronique\MCU\Libraries\lib_misc\misc.c
                     mean   0x002532    program     extern D:\Electronique\MCU\Libraries\lib_misc\misc.c
                      min   0x002246    program     extern D:\Electronique\MCU\Libraries\lib_misc\misc.c
      output_compare0_isr   0x00539e    program     extern D:\Electronique\MCU\PIC\PIC18\horloge_ronde_rouge_5mm\interrupts_management.c
            reset_sec_led   0x003914    program     extern D:\Electronique\MCU\PIC\PIC18\horloge_ronde_rouge_5mm\main.c
    signed_to_unsigned_16   0x002158    program     extern D:\Electronique\MCU\Libraries\lib_misc\misc.c
    signed_to_unsigned_32   0x0021b2    program     extern D:\Electronique\MCU\Libraries\lib_misc\misc.c
     signed_to_unsigned_8   0x002128    program     extern D:\Electronique\MCU\Libraries\lib_misc\misc.c
           string_compare   0x002746    program     extern D:\Electronique\MCU\Libraries\lib_misc\misc.c
                     test   0x0051ce    program     static                          
               timer1_isr   0x00538a    program     extern D:\Electronique\MCU\PIC\PIC18\horloge_ronde_rouge_5mm\interrupts_management.c
               timer2_isr   0x00538c    program     extern D:\Electronique\MCU\PIC\PIC18\horloge_ronde_rouge_5mm\interrupts_management.c
               timer3_isr   0x00538e    program     extern D:\Electronique\MCU\PIC\PIC18\horloge_ronde_rouge_5mm\interrupts_management.c
               timer4_isr   0x005390    program     extern D:\Electronique\MCU\PIC\PIC18\horloge_ronde_rouge_5mm\interrupts_management.c
               timer5_isr   0x005392    program     extern D:\Electronique\MCU\PIC\PIC18\horloge_ronde_rouge_5mm\interrupts_management.c
                uart_init   0x00279e    program     extern D:\Electronique\MCU\Libraries\lib_pic\uart.c
                 uart_isr   0x0053a0    program     extern D:\Electronique\MCU\PIC\PIC18\horloge_ronde_rouge_5mm\interrupts_management.c
                uart_read   0x00291c    program     extern D:\Electronique\MCU\Libraries\lib_pic\uart.c
               uart_write   0x002924    program     extern D:\Electronique\MCU\Libraries\lib_pic\uart.c
          uart_write_char   0x002992    program     extern D:\Electronique\MCU\Libraries\lib_pic\uart.c
          uart_write_date   0x002f86    program     extern D:\Electronique\MCU\Libraries\lib_pic\uart.c
      uart_write_hexa_u16   0x002b2a    program     extern D:\Electronique\MCU\Libraries\lib_pic\uart.c
      uart_write_hexa_u32   0x002ccc    program     extern D:\Electronique\MCU\Libraries\lib_pic\uart.c
       uart_write_hexa_u8   0x002a00    program     extern D:\Electronique\MCU\Libraries\lib_pic\uart.c
        uart_write_string   0x002942    program     extern D:\Electronique\MCU\Libraries\lib_pic\uart.c
   uart_write_temperature   0x0031f6    program     extern D:\Electronique\MCU\Libraries\lib_pic\uart.c
           uart_write_u16   0x002c42    program     extern D:\Electronique\MCU\Libraries\lib_pic\uart.c
           uart_write_u32   0x002eb0    program     extern D:\Electronique\MCU\Libraries\lib_pic\uart.c
            uart_write_u8   0x002abc    program     extern D:\Electronique\MCU\Libraries\lib_pic\uart.c
               zero_block   0x005340    program     static D:\3.43\pic18-lt\cxx-framework\src\traditional\proc\p18f252.asm
                   ADCON0   0x000fc2       data     extern D:\3.43\pic18-lt\cxx-framework\src\traditional\proc\p18f252.asm
               ADCON0bits   0x000fc2       data     extern D:\3.43\pic18-lt\cxx-framework\src\traditional\proc\p18f252.asm
                   ADCON1   0x000fc1       data     extern D:\3.43\pic18-lt\cxx-framework\src\traditional\proc\p18f252.asm
               ADCON1bits   0x000fc1       data     extern D:\3.43\pic18-lt\cxx-framework\src\traditional\proc\p18f252.asm
                    ADRES   0x000fc3       data     extern D:\3.43\pic18-lt\cxx-framework\src\traditional\proc\p18f252.asm
                   ADRESH   0x000fc4       data     extern D:\3.43\pic18-lt\cxx-framework\src\traditional\proc\p18f252.asm
                   ADRESL   0x000fc3       data     extern D:\3.43\pic18-lt\cxx-framework\src\traditional\proc\p18f252.asm
                      BSR   0x000fe0       data     extern D:\3.43\pic18-lt\cxx-framework\src\traditional\proc\p18f252.asm
                  CCP1CON   0x000fbd       data     extern D:\3.43\pic18-lt\cxx-framework\src\traditional\proc\p18f252.asm
              CCP1CONbits   0x000fbd       data     extern D:\3.43\pic18-lt\cxx-framework\src\traditional\proc\p18f252.asm
                  CCP2CON   0x000fba       data     extern D:\3.43\pic18-lt\cxx-framework\src\traditional\proc\p18f252.asm
              CCP2CONbits   0x000fba       data     extern D:\3.43\pic18-lt\cxx-framework\src\traditional\proc\p18f252.asm
                    CCPR1   0x000fbe       data     extern D:\3.43\pic18-lt\cxx-framework\src\traditional\proc\p18f252.asm
                   CCPR1H   0x000fbf       data     extern D:\3.43\pic18-lt\cxx-framework\src\traditional\proc\p18f252.asm
                   CCPR1L   0x000fbe       data     extern D:\3.43\pic18-lt\cxx-framework\src\traditional\proc\p18f252.asm
                    CCPR2   0x000fbb       data     extern D:\3.43\pic18-lt\cxx-framework\src\traditional\proc\p18f252.asm
                   CCPR2H   0x000fbc       data     extern D:\3.43\pic18-lt\cxx-framework\src\traditional\proc\p18f252.asm
                   CCPR2L   0x000fbb       data     extern D:\3.43\pic18-lt\cxx-framework\src\traditional\proc\p18f252.asm
                     DDRA   0x000f92       data     extern D:\3.43\pic18-lt\cxx-framework\src\traditional\proc\p18f252.asm
                 DDRAbits   0x000f92       data     extern D:\3.43\pic18-lt\cxx-framework\src\traditional\proc\p18f252.asm
                     DDRB   0x000f93       data     extern D:\3.43\pic18-lt\cxx-framework\src\traditional\proc\p18f252.asm
                 DDRBbits   0x000f93       data     extern D:\3.43\pic18-lt\cxx-framework\src\traditional\proc\p18f252.asm
                     DDRC   0x000f94       data     extern D:\3.43\pic18-lt\cxx-framework\src\traditional\proc\p18f252.asm
                 DDRCbits   0x000f94       data     extern D:\3.43\pic18-lt\cxx-framework\src\traditional\proc\p18f252.asm
                    EEADR   0x000fa9       data     extern D:\3.43\pic18-lt\cxx-framework\src\traditional\proc\p18f252.asm
                   EECON1   0x000fa6       data     extern D:\3.43\pic18-lt\cxx-framework\src\traditional\proc\p18f252.asm
               EECON1bits   0x000fa6       data     extern D:\3.43\pic18-lt\cxx-framework\src\traditional\proc\p18f252.asm
                   EECON2   0x000fa7       data     extern D:\3.43\pic18-lt\cxx-framework\src\traditional\proc\p18f252.asm
                   EEDATA   0x000fa8       data     extern D:\3.43\pic18-lt\cxx-framework\src\traditional\proc\p18f252.asm
                     FSR0   0x000fe9       data     extern D:\3.43\pic18-lt\cxx-framework\src\traditional\proc\p18f252.asm
                    FSR0H   0x000fea       data     extern D:\3.43\pic18-lt\cxx-framework\src\traditional\proc\p18f252.asm
                    FSR0L   0x000fe9       data     extern D:\3.43\pic18-lt\cxx-framework\src\traditional\proc\p18f252.asm
                     FSR1   0x000fe1       data     extern D:\3.43\pic18-lt\cxx-framework\src\traditional\proc\p18f252.asm
                    FSR1H   0x000fe2       data     extern D:\3.43\pic18-lt\cxx-framework\src\traditional\proc\p18f252.asm
                    FSR1L   0x000fe1       data     extern D:\3.43\pic18-lt\cxx-framework\src\traditional\proc\p18f252.asm
                     FSR2   0x000fd9       data     extern D:\3.43\pic18-lt\cxx-framework\src\traditional\proc\p18f252.asm
                    FSR2H   0x000fda       data     extern D:\3.43\pic18-lt\cxx-framework\src\traditional\proc\p18f252.asm
                    FSR2L   0x000fd9       data     extern D:\3.43\pic18-lt\cxx-framework\src\traditional\proc\p18f252.asm
                    INDF0   0x000fef       data     extern D:\3.43\pic18-lt\cxx-framework\src\traditional\proc\p18f252.asm
                    INDF1   0x000fe7       data     extern D:\3.43\pic18-lt\cxx-framework\src\traditional\proc\p18f252.asm
                    INDF2   0x000fdf       data     extern D:\3.43\pic18-lt\cxx-framework\src\traditional\proc\p18f252.asm
                   INTCON   0x000ff2       data     extern D:\3.43\pic18-lt\cxx-framework\src\traditional\proc\p18f252.asm
                  INTCON1   0x000ff2       data     extern D:\3.43\pic18-lt\cxx-framework\src\traditional\proc\p18f252.asm
              INTCON1bits   0x000ff2       data     extern D:\3.43\pic18-lt\cxx-framework\src\traditional\proc\p18f252.asm
                  INTCON2   0x000ff1       data     extern D:\3.43\pic18-lt\cxx-framework\src\traditional\proc\p18f252.asm
              INTCON2bits   0x000ff1       data     extern D:\3.43\pic18-lt\cxx-framework\src\traditional\proc\p18f252.asm
                  INTCON3   0x000ff0       data     extern D:\3.43\pic18-lt\cxx-framework\src\traditional\proc\p18f252.asm
              INTCON3bits   0x000ff0       data     extern D:\3.43\pic18-lt\cxx-framework\src\traditional\proc\p18f252.asm
               INTCONbits   0x000ff2       data     extern D:\3.43\pic18-lt\cxx-framework\src\traditional\proc\p18f252.asm
                     IPR1   0x000f9f       data     extern D:\3.43\pic18-lt\cxx-framework\src\traditional\proc\p18f252.asm
                 IPR1bits   0x000f9f       data     extern D:\3.43\pic18-lt\cxx-framework\src\traditional\proc\p18f252.asm
                     IPR2   0x000fa2       data     extern D:\3.43\pic18-lt\cxx-framework\src\traditional\proc\p18f252.asm
                 IPR2bits   0x000fa2       data     extern D:\3.43\pic18-lt\cxx-framework\src\traditional\proc\p18f252.asm
                     LATA   0x000f89       data     extern D:\3.43\pic18-lt\cxx-framework\src\traditional\proc\p18f252.asm
                 LATAbits   0x000f89       data     extern D:\3.43\pic18-lt\cxx-framework\src\traditional\proc\p18f252.asm
                     LATB   0x000f8a       data     extern D:\3.43\pic18-lt\cxx-framework\src\traditional\proc\p18f252.asm
                 LATBbits   0x000f8a       data     extern D:\3.43\pic18-lt\cxx-framework\src\traditional\proc\p18f252.asm
                     LATC   0x000f8b       data     extern D:\3.43\pic18-lt\cxx-framework\src\traditional\proc\p18f252.asm
                 LATCbits   0x000f8b       data     extern D:\3.43\pic18-lt\cxx-framework\src\traditional\proc\p18f252.asm
                   LVDCON   0x000fd2       data     extern D:\3.43\pic18-lt\cxx-framework\src\traditional\proc\p18f252.asm
               LVDCONbits   0x000fd2       data     extern D:\3.43\pic18-lt\cxx-framework\src\traditional\proc\p18f252.asm
                   OSCCON   0x000fd3       data     extern D:\3.43\pic18-lt\cxx-framework\src\traditional\proc\p18f252.asm
               OSCCONbits   0x000fd3       data     extern D:\3.43\pic18-lt\cxx-framework\src\traditional\proc\p18f252.asm
                       PC   0x000ff9       data     extern D:\3.43\pic18-lt\cxx-framework\src\traditional\proc\p18f252.asm
                      PCL   0x000ff9       data     extern D:\3.43\pic18-lt\cxx-framework\src\traditional\proc\p18f252.asm
                   PCLATH   0x000ffa       data     extern D:\3.43\pic18-lt\cxx-framework\src\traditional\proc\p18f252.asm
                   PCLATU   0x000ffb       data     extern D:\3.43\pic18-lt\cxx-framework\src\traditional\proc\p18f252.asm
                     PIE1   0x000f9d       data     extern D:\3.43\pic18-lt\cxx-framework\src\traditional\proc\p18f252.asm
                 PIE1bits   0x000f9d       data     extern D:\3.43\pic18-lt\cxx-framework\src\traditional\proc\p18f252.asm
                     PIE2   0x000fa0       data     extern D:\3.43\pic18-lt\cxx-framework\src\traditional\proc\p18f252.asm
                 PIE2bits   0x000fa0       data     extern D:\3.43\pic18-lt\cxx-framework\src\traditional\proc\p18f252.asm
                     PIR1   0x000f9e       data     extern D:\3.43\pic18-lt\cxx-framework\src\traditional\proc\p18f252.asm
                 PIR1bits   0x000f9e       data     extern D:\3.43\pic18-lt\cxx-framework\src\traditional\proc\p18f252.asm
                     PIR2   0x000fa1       data     extern D:\3.43\pic18-lt\cxx-framework\src\traditional\proc\p18f252.asm
                 PIR2bits   0x000fa1       data     extern D:\3.43\pic18-lt\cxx-framework\src\traditional\proc\p18f252.asm
                   PLUSW0   0x000feb       data     extern D:\3.43\pic18-lt\cxx-framework\src\traditional\proc\p18f252.asm
                   PLUSW1   0x000fe3       data     extern D:\3.43\pic18-lt\cxx-framework\src\traditional\proc\p18f252.asm
                   PLUSW2   0x000fdb       data     extern D:\3.43\pic18-lt\cxx-framework\src\traditional\proc\p18f252.asm
                    PORTA   0x000f80       data     extern D:\3.43\pic18-lt\cxx-framework\src\traditional\proc\p18f252.asm
                PORTAbits   0x000f80       data     extern D:\3.43\pic18-lt\cxx-framework\src\traditional\proc\p18f252.asm
                    PORTB   0x000f81       data     extern D:\3.43\pic18-lt\cxx-framework\src\traditional\proc\p18f252.asm
                PORTBbits   0x000f81       data     extern D:\3.43\pic18-lt\cxx-framework\src\traditional\proc\p18f252.asm
                    PORTC   0x000f82       data     extern D:\3.43\pic18-lt\cxx-framework\src\traditional\proc\p18f252.asm
                PORTCbits   0x000f82       data     extern D:\3.43\pic18-lt\cxx-framework\src\traditional\proc\p18f252.asm
                 POSTDEC0   0x000fed       data     extern D:\3.43\pic18-lt\cxx-framework\src\traditional\proc\p18f252.asm
                 POSTDEC1   0x000fe5       data     extern D:\3.43\pic18-lt\cxx-framework\src\traditional\proc\p18f252.asm
                 POSTDEC2   0x000fdd       data     extern D:\3.43\pic18-lt\cxx-framework\src\traditional\proc\p18f252.asm
                 POSTINC0   0x000fee       data     extern D:\3.43\pic18-lt\cxx-framework\src\traditional\proc\p18f252.asm
                 POSTINC1   0x000fe6       data     extern D:\3.43\pic18-lt\cxx-framework\src\traditional\proc\p18f252.asm
                 POSTINC2   0x000fde       data     extern D:\3.43\pic18-lt\cxx-framework\src\traditional\proc\p18f252.asm
                      PR2   0x000fcb       data     extern D:\3.43\pic18-lt\cxx-framework\src\traditional\proc\p18f252.asm
                  PREINC0   0x000fec       data     extern D:\3.43\pic18-lt\cxx-framework\src\traditional\proc\p18f252.asm
                  PREINC1   0x000fe4       data     extern D:\3.43\pic18-lt\cxx-framework\src\traditional\proc\p18f252.asm
                  PREINC2   0x000fdc       data     extern D:\3.43\pic18-lt\cxx-framework\src\traditional\proc\p18f252.asm
                     PROD   0x000ff3       data     extern D:\3.43\pic18-lt\cxx-framework\src\traditional\proc\p18f252.asm
                    PRODH   0x000ff4       data     extern D:\3.43\pic18-lt\cxx-framework\src\traditional\proc\p18f252.asm
                    PRODL   0x000ff3       data     extern D:\3.43\pic18-lt\cxx-framework\src\traditional\proc\p18f252.asm
                     RCON   0x000fd0       data     extern D:\3.43\pic18-lt\cxx-framework\src\traditional\proc\p18f252.asm
                 RCONbits   0x000fd0       data     extern D:\3.43\pic18-lt\cxx-framework\src\traditional\proc\p18f252.asm
                    RCREG   0x000fae       data     extern D:\3.43\pic18-lt\cxx-framework\src\traditional\proc\p18f252.asm
                    RCSTA   0x000fab       data     extern D:\3.43\pic18-lt\cxx-framework\src\traditional\proc\p18f252.asm
                RCSTAbits   0x000fab       data     extern D:\3.43\pic18-lt\cxx-framework\src\traditional\proc\p18f252.asm
                     SIGN   0x00002a       data     extern D:\3.43\pic18-lt\cxx-framework\src\traditional\math\cmath18.asm
                    SPBRG   0x000faf       data     extern D:\3.43\pic18-lt\cxx-framework\src\traditional\proc\p18f252.asm
                   SSPADD   0x000fc8       data     extern D:\3.43\pic18-lt\cxx-framework\src\traditional\proc\p18f252.asm
                   SSPBUF   0x000fc9       data     extern D:\3.43\pic18-lt\cxx-framework\src\traditional\proc\p18f252.asm
                  SSPCON1   0x000fc6       data     extern D:\3.43\pic18-lt\cxx-framework\src\traditional\proc\p18f252.asm
              SSPCON1bits   0x000fc6       data     extern D:\3.43\pic18-lt\cxx-framework\src\traditional\proc\p18f252.asm
                  SSPCON2   0x000fc5       data     extern D:\3.43\pic18-lt\cxx-framework\src\traditional\proc\p18f252.asm
              SSPCON2bits   0x000fc5       data     extern D:\3.43\pic18-lt\cxx-framework\src\traditional\proc\p18f252.asm
                  SSPSTAT   0x000fc7       data     extern D:\3.43\pic18-lt\cxx-framework\src\traditional\proc\p18f252.asm
              SSPSTATbits   0x000fc7       data     extern D:\3.43\pic18-lt\cxx-framework\src\traditional\proc\p18f252.asm
                   STATUS   0x000fd8       data     extern D:\3.43\pic18-lt\cxx-framework\src\traditional\proc\p18f252.asm
               STATUSbits   0x000fd8       data     extern D:\3.43\pic18-lt\cxx-framework\src\traditional\proc\p18f252.asm
                   STKPTR   0x000ffc       data     extern D:\3.43\pic18-lt\cxx-framework\src\traditional\proc\p18f252.asm
               STKPTRbits   0x000ffc       data     extern D:\3.43\pic18-lt\cxx-framework\src\traditional\proc\p18f252.asm
                    T0CON   0x000fd5       data     extern D:\3.43\pic18-lt\cxx-framework\src\traditional\proc\p18f252.asm
                T0CONbits   0x000fd5       data     extern D:\3.43\pic18-lt\cxx-framework\src\traditional\proc\p18f252.asm
                    T1CON   0x000fcd       data     extern D:\3.43\pic18-lt\cxx-framework\src\traditional\proc\p18f252.asm
                T1CONbits   0x000fcd       data     extern D:\3.43\pic18-lt\cxx-framework\src\traditional\proc\p18f252.asm
                    T2CON   0x000fca       data     extern D:\3.43\pic18-lt\cxx-framework\src\traditional\proc\p18f252.asm
                T2CONbits   0x000fca       data     extern D:\3.43\pic18-lt\cxx-framework\src\traditional\proc\p18f252.asm
                    T3CON   0x000fb1       data     extern D:\3.43\pic18-lt\cxx-framework\src\traditional\proc\p18f252.asm
                T3CONbits   0x000fb1       data     extern D:\3.43\pic18-lt\cxx-framework\src\traditional\proc\p18f252.asm
                   TABLAT   0x000ff5       data     extern D:\3.43\pic18-lt\cxx-framework\src\traditional\proc\p18f252.asm
                   TBLPTR   0x000ff6       data     extern D:\3.43\pic18-lt\cxx-framework\src\traditional\proc\p18f252.asm
                  TBLPTRH   0x000ff7       data     extern D:\3.43\pic18-lt\cxx-framework\src\traditional\proc\p18f252.asm
                  TBLPTRL   0x000ff6       data     extern D:\3.43\pic18-lt\cxx-framework\src\traditional\proc\p18f252.asm
                  TBLPTRU   0x000ff8       data     extern D:\3.43\pic18-lt\cxx-framework\src\traditional\proc\p18f252.asm
                    TMR0H   0x000fd7       data     extern D:\3.43\pic18-lt\cxx-framework\src\traditional\proc\p18f252.asm
                    TMR0L   0x000fd6       data     extern D:\3.43\pic18-lt\cxx-framework\src\traditional\proc\p18f252.asm
                    TMR1H   0x000fcf       data     extern D:\3.43\pic18-lt\cxx-framework\src\traditional\proc\p18f252.asm
                    TMR1L   0x000fce       data     extern D:\3.43\pic18-lt\cxx-framework\src\traditional\proc\p18f252.asm
                     TMR2   0x000fcc       data     extern D:\3.43\pic18-lt\cxx-framework\src\traditional\proc\p18f252.asm
                    TMR3H   0x000fb3       data     extern D:\3.43\pic18-lt\cxx-framework\src\traditional\proc\p18f252.asm
                    TMR3L   0x000fb2       data     extern D:\3.43\pic18-lt\cxx-framework\src\traditional\proc\p18f252.asm
                      TOS   0x000ffd       data     extern D:\3.43\pic18-lt\cxx-framework\src\traditional\proc\p18f252.asm
                     TOSH   0x000ffe       data     extern D:\3.43\pic18-lt\cxx-framework\src\traditional\proc\p18f252.asm
                     TOSL   0x000ffd       data     extern D:\3.43\pic18-lt\cxx-framework\src\traditional\proc\p18f252.asm
                     TOSU   0x000fff       data     extern D:\3.43\pic18-lt\cxx-framework\src\traditional\proc\p18f252.asm
                    TRISA   0x000f92       data     extern D:\3.43\pic18-lt\cxx-framework\src\traditional\proc\p18f252.asm
                TRISAbits   0x000f92       data     extern D:\3.43\pic18-lt\cxx-framework\src\traditional\proc\p18f252.asm
                    TRISB   0x000f93       data     extern D:\3.43\pic18-lt\cxx-framework\src\traditional\proc\p18f252.asm
                TRISBbits   0x000f93       data     extern D:\3.43\pic18-lt\cxx-framework\src\traditional\proc\p18f252.asm
                    TRISC   0x000f94       data     extern D:\3.43\pic18-lt\cxx-framework\src\traditional\proc\p18f252.asm
                TRISCbits   0x000f94       data     extern D:\3.43\pic18-lt\cxx-framework\src\traditional\proc\p18f252.asm
                    TXREG   0x000fad       data     extern D:\3.43\pic18-lt\cxx-framework\src\traditional\proc\p18f252.asm
                    TXSTA   0x000fac       data     extern D:\3.43\pic18-lt\cxx-framework\src\traditional\proc\p18f252.asm
                TXSTAbits   0x000fac       data     extern D:\3.43\pic18-lt\cxx-framework\src\traditional\proc\p18f252.asm
                        W   0x000fe8       data     extern D:\3.43\pic18-lt\cxx-framework\src\traditional\proc\p18f252.asm
                   WDTCON   0x000fd1       data     extern D:\3.43\pic18-lt\cxx-framework\src\traditional\proc\p18f252.asm
               WDTCONbits   0x000fd1       data     extern D:\3.43\pic18-lt\cxx-framework\src\traditional\proc\p18f252.asm
                     WREG   0x000fe8       data     extern D:\3.43\pic18-lt\cxx-framework\src\traditional\proc\p18f252.asm
                 __AARGB0   0x000023       data     extern D:\3.43\pic18-lt\cxx-framework\src\traditional\math\aarg.asm
                 __AARGB1   0x000022       data     extern D:\3.43\pic18-lt\cxx-framework\src\traditional\math\aarg.asm
                 __AARGB2   0x000021       data     extern D:\3.43\pic18-lt\cxx-framework\src\traditional\math\aarg.asm
                 __AARGB3   0x000020       data     extern D:\3.43\pic18-lt\cxx-framework\src\traditional\math\aarg.asm
                 __AARGB4   0x00001f       data     extern D:\3.43\pic18-lt\cxx-framework\src\traditional\math\aarg.asm
                 __AARGB5   0x00001e       data     extern D:\3.43\pic18-lt\cxx-framework\src\traditional\math\aarg.asm
                 __AARGB6   0x00001d       data     extern D:\3.43\pic18-lt\cxx-framework\src\traditional\math\aarg.asm
                 __AARGB7   0x00001c       data     extern D:\3.43\pic18-lt\cxx-framework\src\traditional\math\aarg.asm
                   __AEXP   0x000024       data     extern D:\3.43\pic18-lt\cxx-framework\src\traditional\math\aarg.asm
                 __BARGB0   0x000028       data     extern D:\3.43\pic18-lt\cxx-framework\src\traditional\math\barg.asm
                 __BARGB1   0x000027       data     extern D:\3.43\pic18-lt\cxx-framework\src\traditional\math\barg.asm
                 __BARGB2   0x000026       data     extern D:\3.43\pic18-lt\cxx-framework\src\traditional\math\barg.asm
                 __BARGB3   0x000025       data     extern D:\3.43\pic18-lt\cxx-framework\src\traditional\math\barg.asm
                   __BEXP   0x000029       data     extern D:\3.43\pic18-lt\cxx-framework\src\traditional\math\barg.asm
                __FPFLAGS   0x00002b       data     extern D:\3.43\pic18-lt\cxx-framework\src\traditional\math\cmath18.asm
            __FPFLAGSbits   0x00002b       data     extern D:\3.43\pic18-lt\cxx-framework\src\traditional\math\cmath18.asm
                  __REMB0   0x00001f       data     extern D:\3.43\pic18-lt\cxx-framework\src\traditional\math\aarg.asm
                  __REMB1   0x00001e       data     extern D:\3.43\pic18-lt\cxx-framework\src\traditional\math\aarg.asm
                  __REMB2   0x00001d       data     extern D:\3.43\pic18-lt\cxx-framework\src\traditional\math\aarg.asm
                  __REMB3   0x00001c       data     extern D:\3.43\pic18-lt\cxx-framework\src\traditional\math\aarg.asm
                   __TEMP   0x00002f       data     extern D:\3.43\pic18-lt\cxx-framework\src\traditional\math\temparg.asm
                 __TEMPB0   0x00002f       data     extern D:\3.43\pic18-lt\cxx-framework\src\traditional\math\temparg.asm
                 __TEMPB1   0x00002e       data     extern D:\3.43\pic18-lt\cxx-framework\src\traditional\math\temparg.asm
                 __TEMPB2   0x00002d       data     extern D:\3.43\pic18-lt\cxx-framework\src\traditional\math\temparg.asm
                 __TEMPB3   0x00002c       data     extern D:\3.43\pic18-lt\cxx-framework\src\traditional\math\temparg.asm
                  __tmp_0   0x000000       data     static D:\3.43\pic18-lt\cxx-framework\src\traditional\stdclib\ceil.c
                  __tmp_0   0x000000       data     static D:\3.43\pic18-lt\cxx-framework\src\traditional\stdclib\fchop.c
                  __tmp_0   0x000000       data     static D:\3.43\pic18-lt\cxx-framework\src\traditional\stdclib\UnpkMath.c
                  __tmp_0   0x000000       data     static D:\3.43\pic18-lt\cxx-framework\src\traditional\stdclib\PackMath.c
                  __tmp_0   0x000000       data     static D:\Electronique\MCU\PIC\PIC18\horloge_ronde_rouge_5mm\main.c
                  __tmp_0   0x000000       data     static D:\Electronique\MCU\Libraries\lib_pic\i2c.c
                  __tmp_0   0x000000       data     static D:\Electronique\MCU\Libraries\lib_pic\uart.c
                  __tmp_0   0x000000       data     static D:\Electronique\MCU\Libraries\lib_chips\ds1307.c
                  __tmp_0   0x000000       data     static D:\Electronique\MCU\Libraries\lib_chips\ds1621.c
                  __tmp_0   0x000000       data     static D:\Electronique\MCU\Libraries\lib_misc\i2c_tools.c
                  __tmp_0   0x000000       data     static D:\Electronique\MCU\Libraries\lib_misc\misc.c
                addr_flag   0x000094       data     extern D:\Electronique\MCU\Libraries\lib_pic\i2c.c
                 addr_ptr   0x000096       data     extern D:\Electronique\MCU\Libraries\lib_pic\i2c.c
                curr_byte   0x000083       data     static D:\3.43\pic18-lt\cxx-framework\src\traditional\startup\c018i.c
               curr_entry   0x000085       data     static D:\3.43\pic18-lt\cxx-framework\src\traditional\startup\c018i.c
                data_flag   0x000095       data     extern D:\Electronique\MCU\Libraries\lib_pic\i2c.c
                 data_ptr   0x000087       data     static D:\3.43\pic18-lt\cxx-framework\src\traditional\startup\c018i.c
          display_counter   0x000091       data     extern D:\Electronique\MCU\PIC\PIC18\horloge_ronde_rouge_5mm\main.c
               display_en   0x000092       data     extern D:\Electronique\MCU\PIC\PIC18\horloge_ronde_rouge_5mm\main.c
                    errno   0x000097       data     extern D:\3.43\pic18-lt\cxx-framework\src\traditional\stdclib\errno.c
                     prom   0x000080       data     static D:\3.43\pic18-lt\cxx-framework\src\traditional\startup\c018i.c
                     time   0x00008a       data     extern D:\Electronique\MCU\PIC\PIC18\horloge_ronde_rouge_5mm\main.c
            timer_counter   0x000093       data     static D:\Electronique\MCU\PIC\PIC18\horloge_ronde_rouge_5mm\main.c



                              Symbols - Sorted by Address
                     Name    Address   Location    Storage File                     
                ---------  ---------  ---------  --------- ---------                
                   _entry   0x000000    program     extern D:\3.43\pic18-lt\cxx-framework\src\traditional\startup\c018i.c
       ___return_lbl00000   0x000004    program     static                          
                   __init   0x000006    program     extern D:\3.43\pic18-lt\cxx-framework\src\traditional\stdclib\__init.c
      InterruptVectorHigh   0x000008    program     extern D:\Electronique\MCU\PIC\PIC18\horloge_ronde_rouge_5mm\main.c
       ___return_lbl00032   0x00000c    program     static                          
             hexa_2_ascii   0x000028    program     extern D:\Electronique\MCU\Libraries\lib_misc\misc.c
             ascii_2_hexa   0x000078    program     extern D:\Electronique\MCU\Libraries\lib_misc\misc.c
                dec_2_bcd   0x0000c8    program     extern D:\Electronique\MCU\Libraries\lib_misc\misc.c
              dec_2_bcd32   0x000278    program     extern D:\Electronique\MCU\Libraries\lib_misc\misc.c
              float_2_bcd   0x000688    program     extern D:\Electronique\MCU\Libraries\lib_misc\misc.c
             double_2_bcd   0x0011d2    program     extern D:\Electronique\MCU\Libraries\lib_misc\misc.c
                hex_2_bcd   0x001d1c    program     extern D:\Electronique\MCU\Libraries\lib_misc\misc.c
              hex16_2_bcd   0x001da6    program     extern D:\Electronique\MCU\Libraries\lib_misc\misc.c
              hex32_2_bcd   0x001ef0    program     extern D:\Electronique\MCU\Libraries\lib_misc\misc.c
                bin_2_bcd   0x00209c    program     extern D:\Electronique\MCU\Libraries\lib_misc\misc.c
                bcd_2_bin   0x0020ee    program     extern D:\Electronique\MCU\Libraries\lib_misc\misc.c
     signed_to_unsigned_8   0x002128    program     extern D:\Electronique\MCU\Libraries\lib_misc\misc.c
    signed_to_unsigned_16   0x002158    program     extern D:\Electronique\MCU\Libraries\lib_misc\misc.c
    signed_to_unsigned_32   0x0021b2    program     extern D:\Electronique\MCU\Libraries\lib_misc\misc.c
                      min   0x002246    program     extern D:\Electronique\MCU\Libraries\lib_misc\misc.c
                      max   0x0023bc    program     extern D:\Electronique\MCU\Libraries\lib_misc\misc.c
                     mean   0x002532    program     extern D:\Electronique\MCU\Libraries\lib_misc\misc.c
               init_array   0x0026cc    program     extern D:\Electronique\MCU\Libraries\lib_misc\misc.c
           string_compare   0x002746    program     extern D:\Electronique\MCU\Libraries\lib_misc\misc.c
                uart_init   0x00279e    program     extern D:\Electronique\MCU\Libraries\lib_pic\uart.c
                uart_read   0x00291c    program     extern D:\Electronique\MCU\Libraries\lib_pic\uart.c
               uart_write   0x002924    program     extern D:\Electronique\MCU\Libraries\lib_pic\uart.c
        uart_write_string   0x002942    program     extern D:\Electronique\MCU\Libraries\lib_pic\uart.c
          uart_write_char   0x002992    program     extern D:\Electronique\MCU\Libraries\lib_pic\uart.c
       uart_write_hexa_u8   0x002a00    program     extern D:\Electronique\MCU\Libraries\lib_pic\uart.c
            uart_write_u8   0x002abc    program     extern D:\Electronique\MCU\Libraries\lib_pic\uart.c
      uart_write_hexa_u16   0x002b2a    program     extern D:\Electronique\MCU\Libraries\lib_pic\uart.c
           uart_write_u16   0x002c42    program     extern D:\Electronique\MCU\Libraries\lib_pic\uart.c
      uart_write_hexa_u32   0x002ccc    program     extern D:\Electronique\MCU\Libraries\lib_pic\uart.c
           uart_write_u32   0x002eb0    program     extern D:\Electronique\MCU\Libraries\lib_pic\uart.c
          uart_write_date   0x002f86    program     extern D:\Electronique\MCU\Libraries\lib_pic\uart.c
   uart_write_temperature   0x0031f6    program     extern D:\Electronique\MCU\Libraries\lib_pic\uart.c
          InterruptTimer2   0x0032b8    program     extern D:\Electronique\MCU\PIC\PIC18\horloge_ronde_rouge_5mm\main.c
         ___else_lbl00002   0x003338    program     static                          
           ___if_lbl00001   0x003344    program     static                          
           ___if_lbl00003   0x003354    program     static                          
           ___if_lbl00004   0x003364    program     static                          
           ___if_lbl00005   0x003374    program     static                          
       ___case_1_lbl00008   0x0033ae    program     static                          
           ___if_lbl00007   0x0033c2    program     static                          
       ___case_2_lbl00010   0x0033c4    program     static                          
           ___if_lbl00009   0x0033d8    program     static                          
       ___case_3_lbl00012   0x0033da    program     static                          
           ___if_lbl00011   0x0033ee    program     static                          
       ___case_4_lbl00014   0x0033f0    program     static                          
           ___if_lbl00013   0x003404    program     static                          
       ___case_5_lbl00016   0x003406    program     static                          
           ___if_lbl00015   0x00341a    program     static                          
       ___case_6_lbl00018   0x00341c    program     static                          
           ___if_lbl00017   0x003430    program     static                          
       ___case_7_lbl00020   0x003432    program     static                          
           ___if_lbl00019   0x003446    program     static                          
       ___case_8_lbl00022   0x003448    program     static                          
           ___if_lbl00021   0x00345c    program     static                          
       ___case_9_lbl00024   0x00345e    program     static                          
           ___if_lbl00023   0x003472    program     static                          
      ___case_10_lbl00026   0x003474    program     static                          
           ___if_lbl00025   0x003488    program     static                          
      ___case_11_lbl00028   0x00348a    program     static                          
           ___if_lbl00027   0x00349e    program     static                          
      ___case_12_lbl00030   0x0034a0    program     static                          
           ___if_lbl00029   0x0034b4    program     static                          
           ___if_lbl00031   0x0034b6    program     static                          
   ___switchexit_lbl00006   0x0034b6    program     static                          
       ___return_lbl00000   0x0034b8    program     static                          
                     main   0x0034c0    program     extern D:\Electronique\MCU\PIC\PIC18\horloge_ronde_rouge_5mm\main.c
            reset_sec_led   0x003914    program     extern D:\Electronique\MCU\PIC\PIC18\horloge_ronde_rouge_5mm\main.c
          ___for_lbl00076   0x003920    program     static                          
          ___for_lbl00074   0x003932    program     static                          
       ___return_lbl00073   0x003936    program     static                          
          ___for_lbl00075   0x003936    program     static                          
                 FLO3232U   0x003940    program     extern D:\3.43\pic18-lt\cxx-framework\src\traditional\math\cast32FP.asm
                 FLO3232S   0x003944    program     extern D:\3.43\pic18-lt\cxx-framework\src\traditional\math\cast32FP.asm
                jI2F32Beg   0x00395c    program     static D:\3.43\pic18-lt\cxx-framework\src\traditional\math\cast32FP.asm
                    FPS32   0x003976    program     extern D:\3.43\pic18-lt\cxx-framework\src\traditional\math\addFP.asm
                    FPA32   0x003978    program     extern D:\3.43\pic18-lt\cxx-framework\src\traditional\math\addFP.asm
                jBANotInf   0x003996    program     static D:\3.43\pic18-lt\cxx-framework\src\traditional\math\addFP.asm
                 jANotInf   0x0039a0    program     static D:\3.43\pic18-lt\cxx-framework\src\traditional\math\addFP.asm
                 jBNotInf   0x0039ae    program     static D:\3.43\pic18-lt\cxx-framework\src\traditional\math\addFP.asm
            jDifOrPosSign   0x0039c2    program     static D:\3.43\pic18-lt\cxx-framework\src\traditional\math\addFP.asm
             jNotBothZero   0x0039c6    program     static D:\3.43\pic18-lt\cxx-framework\src\traditional\math\addFP.asm
                 jAltBexp   0x0039f2    program     static D:\3.43\pic18-lt\cxx-framework\src\traditional\math\addFP.asm
              jAandWsetup   0x003a04    program     static D:\3.43\pic18-lt\cxx-framework\src\traditional\math\addFP.asm
                 jANotNeg   0x003a34    program     static D:\3.43\pic18-lt\cxx-framework\src\traditional\math\addFP.asm
                 jWNotNeg   0x003a48    program     static D:\3.43\pic18-lt\cxx-framework\src\traditional\math\addFP.asm
               jShiftLoop   0x003a4e    program     static D:\3.43\pic18-lt\cxx-framework\src\traditional\math\addFP.asm
               jShiftDone   0x003a5c    program     static D:\3.43\pic18-lt\cxx-framework\src\traditional\math\addFP.asm
                jSignDone   0x003a8c    program     static D:\3.43\pic18-lt\cxx-framework\src\traditional\math\addFP.asm
               jFinalSign   0x003a9c    program     static D:\3.43\pic18-lt\cxx-framework\src\traditional\math\addFP.asm
                    FPD32   0x003aa4    program     extern D:\3.43\pic18-lt\cxx-framework\src\traditional\math\divFP.asm
                 jANotInf   0x003ac2    program     static D:\3.43\pic18-lt\cxx-framework\src\traditional\math\divFP.asm
              jSignedZero   0x003acc    program     static D:\3.43\pic18-lt\cxx-framework\src\traditional\math\divFP.asm
                jANotZero   0x003ad6    program     static D:\3.43\pic18-lt\cxx-framework\src\traditional\math\divFP.asm
                    jLoop   0x003afe    program     static D:\3.43\pic18-lt\cxx-framework\src\traditional\math\divFP.asm
                jNoAdjust   0x003b22    program     static D:\3.43\pic18-lt\cxx-framework\src\traditional\math\divFP.asm
                    jNext   0x003b24    program     static D:\3.43\pic18-lt\cxx-framework\src\traditional\math\divFP.asm
                    FPM32   0x003b4a    program     extern D:\3.43\pic18-lt\cxx-framework\src\traditional\math\mulFP.asm
                 jANotInf   0x003b68    program     static D:\3.43\pic18-lt\cxx-framework\src\traditional\math\mulFP.asm
              jBothFinite   0x003b76    program     static D:\3.43\pic18-lt\cxx-framework\src\traditional\math\mulFP.asm
                jHaveZero   0x003b7e    program     static D:\3.43\pic18-lt\cxx-framework\src\traditional\math\mulFP.asm
             jBothNotZero   0x003b82    program     static D:\3.43\pic18-lt\cxx-framework\src\traditional\math\mulFP.asm
                  INT3216   0x003c24    program     extern D:\3.43\pic18-lt\cxx-framework\src\traditional\math\castFP16.asm
                     jMax   0x003c34    program     static D:\3.43\pic18-lt\cxx-framework\src\traditional\math\castFP16.asm
                  jMaxPos   0x003c38    program     static D:\3.43\pic18-lt\cxx-framework\src\traditional\math\castFP16.asm
                  jMaxNeg   0x003c42    program     static D:\3.43\pic18-lt\cxx-framework\src\traditional\math\castFP16.asm
                    jZero   0x003c4a    program     static D:\3.43\pic18-lt\cxx-framework\src\traditional\math\castFP16.asm
                  jNotInf   0x003c50    program     static D:\3.43\pic18-lt\cxx-framework\src\traditional\math\castFP16.asm
                    jLoop   0x003c60    program     static D:\3.43\pic18-lt\cxx-framework\src\traditional\math\castFP16.asm
                jLoopExit   0x003c70    program     static D:\3.43\pic18-lt\cxx-framework\src\traditional\math\castFP16.asm
                    jExit   0x003c80    program     static D:\3.43\pic18-lt\cxx-framework\src\traditional\math\castFP16.asm
                  TAGTB32   0x003c82    program     extern D:\3.43\pic18-lt\cxx-framework\src\traditional\math\gtFP.asm
                  TALTB32   0x003c94    program     extern D:\3.43\pic18-lt\cxx-framework\src\traditional\math\ltFP.asm
              __FpCompare   0x003ca6    program     extern D:\3.43\pic18-lt\cxx-framework\src\traditional\math\compFP.asm
             jBothNotZero   0x003cc4    program     static D:\3.43\pic18-lt\cxx-framework\src\traditional\math\compFP.asm
                 jSignsEQ   0x003cc8    program     static D:\3.43\pic18-lt\cxx-framework\src\traditional\math\compFP.asm
                      jEQ   0x003ce0    program     static D:\3.43\pic18-lt\cxx-framework\src\traditional\math\compFP.asm
                      jNE   0x003ce4    program     static D:\3.43\pic18-lt\cxx-framework\src\traditional\math\compFP.asm
                    jExch   0x003cec    program     static D:\3.43\pic18-lt\cxx-framework\src\traditional\math\compFP.asm
                  jNoExch   0x003d0c    program     static D:\3.43\pic18-lt\cxx-framework\src\traditional\math\compFP.asm
                   jFinal   0x003d16    program     static D:\3.43\pic18-lt\cxx-framework\src\traditional\math\compFP.asm
                  jAisNeg   0x003d22    program     static D:\3.43\pic18-lt\cxx-framework\src\traditional\math\compFP.asm
                   jShift   0x003d28    program     static D:\3.43\pic18-lt\cxx-framework\src\traditional\math\compFP.asm
                   jExpEQ   0x003d32    program     static D:\3.43\pic18-lt\cxx-framework\src\traditional\math\compFP.asm
                  jRotate   0x003d3e    program     static D:\3.43\pic18-lt\cxx-framework\src\traditional\math\compFP.asm
            __FpReturnNaN   0x003d50    program     extern D:\3.43\pic18-lt\cxx-framework\src\traditional\math\packFP.asm
                 __FpExit   0x003d5c    program     extern D:\3.43\pic18-lt\cxx-framework\src\traditional\math\packFP.asm
        __FpReturnSignInf   0x003d5e    program     extern D:\3.43\pic18-lt\cxx-framework\src\traditional\math\packFP.asm
         __FpReturnNegInf   0x003d62    program     extern D:\3.43\pic18-lt\cxx-framework\src\traditional\math\packFP.asm
         __FpReturnPosInf   0x003d68    program     extern D:\3.43\pic18-lt\cxx-framework\src\traditional\math\packFP.asm
           jReturnPosInf0   0x003d6c    program     static D:\3.43\pic18-lt\cxx-framework\src\traditional\math\packFP.asm
               jZero1and2   0x003d70    program     static D:\3.43\pic18-lt\cxx-framework\src\traditional\math\packFP.asm
       __FpReturnSignZero   0x003d76    program     extern D:\3.43\pic18-lt\cxx-framework\src\traditional\math\packFP.asm
        __FpReturnNegZero   0x003d7a    program     extern D:\3.43\pic18-lt\cxx-framework\src\traditional\math\packFP.asm
        __FpReturnPosZero   0x003d82    program     extern D:\3.43\pic18-lt\cxx-framework\src\traditional\math\packFP.asm
                 __FpPack   0x003d88    program     extern D:\3.43\pic18-lt\cxx-framework\src\traditional\math\packFP.asm
                  jPkLoop   0x003d96    program     static D:\3.43\pic18-lt\cxx-framework\src\traditional\math\packFP.asm
             jPkShiftDone   0x003db2    program     static D:\3.43\pic18-lt\cxx-framework\src\traditional\math\packFP.asm
               jPkRoundIt   0x003dc8    program     static D:\3.43\pic18-lt\cxx-framework\src\traditional\math\packFP.asm
              __FpReturnW   0x003de0    program     extern D:\3.43\pic18-lt\cxx-framework\src\traditional\math\packFP.asm
             jPkRoundDone   0x003de0    program     static D:\3.43\pic18-lt\cxx-framework\src\traditional\math\packFP.asm
              __FpUnPackA   0x003e00    program     extern D:\3.43\pic18-lt\cxx-framework\src\traditional\math\UnpackFP.asm
                  jUnpkA1   0x003e0a    program     static D:\3.43\pic18-lt\cxx-framework\src\traditional\math\UnpackFP.asm
                 jUnpkANZ   0x003e18    program     static D:\3.43\pic18-lt\cxx-framework\src\traditional\math\UnpackFP.asm
                  jUnpkA2   0x003e22    program     static D:\3.43\pic18-lt\cxx-framework\src\traditional\math\UnpackFP.asm
                 jUnpkNaN   0x003e2c    program     static D:\3.43\pic18-lt\cxx-framework\src\traditional\math\UnpackFP.asm
              __FpUnPackB   0x003e30    program     extern D:\3.43\pic18-lt\cxx-framework\src\traditional\math\UnpackFP.asm
                  jUnpkB1   0x003e3a    program     static D:\3.43\pic18-lt\cxx-framework\src\traditional\math\UnpackFP.asm
                 jUnpkBNZ   0x003e48    program     static D:\3.43\pic18-lt\cxx-framework\src\traditional\math\UnpackFP.asm
                  jUnpkB2   0x003e52    program     static D:\3.43\pic18-lt\cxx-framework\src\traditional\math\UnpackFP.asm
              ds1307_init   0x003e5c    program     extern D:\Electronique\MCU\Libraries\lib_chips\ds1307.c
          ds1307_get_time   0x003ebe    program     extern D:\Electronique\MCU\Libraries\lib_chips\ds1307.c
          ds1307_set_time   0x004112    program     extern D:\Electronique\MCU\Libraries\lib_chips\ds1307.c
               i2c_detect   0x00428a    program     extern D:\Electronique\MCU\Libraries\lib_misc\i2c_tools.c
                 i2c_dump   0x004440    program     extern D:\Electronique\MCU\Libraries\lib_misc\i2c_tools.c
                 i2c_init   0x004678    program     extern D:\Electronique\MCU\Libraries\lib_pic\i2c.c
                i2c_start   0x00472e    program     extern D:\Electronique\MCU\Libraries\lib_pic\i2c.c
               i2c_rstart   0x00474a    program     extern D:\Electronique\MCU\Libraries\lib_pic\i2c.c
             i2c_send_ack   0x004766    program     extern D:\Electronique\MCU\Libraries\lib_pic\i2c.c
             i2c_wait_ack   0x00478e    program     extern D:\Electronique\MCU\Libraries\lib_pic\i2c.c
                 i2c_read   0x0047c0    program     extern D:\Electronique\MCU\Libraries\lib_pic\i2c.c
                i2c_write   0x004808    program     extern D:\Electronique\MCU\Libraries\lib_pic\i2c.c
                 i2c_stop   0x004840    program     extern D:\Electronique\MCU\Libraries\lib_pic\i2c.c
                 i2c_idle   0x00485c    program     extern D:\Electronique\MCU\Libraries\lib_pic\i2c.c
             i2c_read_reg   0x0048c6    program     extern D:\Electronique\MCU\Libraries\lib_pic\i2c.c
            i2c_write_reg   0x004956    program     extern D:\Electronique\MCU\Libraries\lib_pic\i2c.c
                   _fchop   0x0049b8    program     extern D:\3.43\pic18-lt\cxx-framework\src\traditional\stdclib\fchop.c
                   __pa_0   0x004c32    program     static D:\3.43\pic18-lt\cxx-framework\src\traditional\stdclib\fchop.c
                   __pa_1   0x004c3c    program     static D:\3.43\pic18-lt\cxx-framework\src\traditional\stdclib\fchop.c
         ds1621_read_temp   0x004c4a    program     extern D:\Electronique\MCU\Libraries\lib_chips\ds1621.c
                _UnpkMath   0x004d96    program     extern D:\3.43\pic18-lt\cxx-framework\src\traditional\stdclib\UnpkMath.c
                   __pa_0   0x004ea4    program     static D:\3.43\pic18-lt\cxx-framework\src\traditional\stdclib\UnpkMath.c
                _PackMath   0x004eb2    program     extern D:\3.43\pic18-lt\cxx-framework\src\traditional\stdclib\PackMath.c
                   __pa_0   0x004f7a    program     static D:\3.43\pic18-lt\cxx-framework\src\traditional\stdclib\PackMath.c
                   __pa_1   0x004f8a    program     static D:\3.43\pic18-lt\cxx-framework\src\traditional\stdclib\PackMath.c
                   __pa_2   0x004f98    program     static D:\3.43\pic18-lt\cxx-framework\src\traditional\stdclib\PackMath.c
                   __pa_3   0x004fa2    program     static D:\3.43\pic18-lt\cxx-framework\src\traditional\stdclib\PackMath.c
                   __pa_4   0x004fb0    program     static D:\3.43\pic18-lt\cxx-framework\src\traditional\stdclib\PackMath.c
                   __pa_5   0x004fb8    program     static D:\3.43\pic18-lt\cxx-framework\src\traditional\stdclib\PackMath.c
                   __pa_6   0x004fc0    program     static D:\3.43\pic18-lt\cxx-framework\src\traditional\stdclib\PackMath.c
                     ceil   0x004fcc    program     extern D:\3.43\pic18-lt\cxx-framework\src\traditional\stdclib\ceil.c
[...]
                curr_byte   0x000083       data     static D:\3.43\pic18-lt\cxx-framework\src\traditional\startup\c018i.c
               curr_entry   0x000085       data     static D:\3.43\pic18-lt\cxx-framework\src\traditional\startup\c018i.c
                 data_ptr   0x000087       data     static D:\3.43\pic18-lt\cxx-framework\src\traditional\startup\c018i.c
                     time   0x00008a       data     extern D:\Electronique\MCU\PIC\PIC18\horloge_ronde_rouge_5mm\main.c
          display_counter   0x000091       data     extern D:\Electronique\MCU\PIC\PIC18\horloge_ronde_rouge_5mm\main.c
               display_en   0x000092       data     extern D:\Electronique\MCU\PIC\PIC18\horloge_ronde_rouge_5mm\main.c
            timer_counter   0x000093       data     static D:\Electronique\MCU\PIC\PIC18\horloge_ronde_rouge_5mm\main.c
                addr_flag   0x000094       data     extern D:\Electronique\MCU\Libraries\lib_pic\i2c.c
                data_flag   0x000095       data     extern D:\Electronique\MCU\Libraries\lib_pic\i2c.c
                 addr_ptr   0x000096       data     extern D:\Electronique\MCU\Libraries\lib_pic\i2c.c
                    errno   0x000097       data     extern D:\3.43\pic18-lt\cxx-framework\src\traditional\stdclib\errno.c
                PORTAbits   0x000f80       data     extern D:\3.43\pic18-lt\cxx-framework\src\traditional\proc\p18f252.asm
                    PORTA   0x000f80       data     extern D:\3.43\pic18-lt\cxx-framework\src\traditional\proc\p18f252.asm
                PORTBbits   0x000f81       data     extern D:\3.43\pic18-lt\cxx-framework\src\traditional\proc\p18f252.asm
                    PORTB   0x000f81       data     extern D:\3.43\pic18-lt\cxx-framework\src\traditional\proc\p18f252.asm
                PORTCbits   0x000f82       data     extern D:\3.43\pic18-lt\cxx-framework\src\traditional\proc\p18f252.asm
                    PORTC   0x000f82       data     extern D:\3.43\pic18-lt\cxx-framework\src\traditional\proc\p18f252.asm
                     LATA   0x000f89       data     extern D:\3.43\pic18-lt\cxx-framework\src\traditional\proc\p18f252.asm
                 LATAbits   0x000f89       data     extern D:\3.43\pic18-lt\cxx-framework\src\traditional\proc\p18f252.asm
                     LATB   0x000f8a       data     extern D:\3.43\pic18-lt\cxx-framework\src\traditional\proc\p18f252.asm
                 LATBbits   0x000f8a       data     extern D:\3.43\pic18-lt\cxx-framework\src\traditional\proc\p18f252.asm
                     LATC   0x000f8b       data     extern D:\3.43\pic18-lt\cxx-framework\src\traditional\proc\p18f252.asm
                 LATCbits   0x000f8b       data     extern D:\3.43\pic18-lt\cxx-framework\src\traditional\proc\p18f252.asm
                TRISAbits   0x000f92       data     extern D:\3.43\pic18-lt\cxx-framework\src\traditional\proc\p18f252.asm
                     DDRA   0x000f92       data     extern D:\3.43\pic18-lt\cxx-framework\src\traditional\proc\p18f252.asm
                    TRISA   0x000f92       data     extern D:\3.43\pic18-lt\cxx-framework\src\traditional\proc\p18f252.asm
                 DDRAbits   0x000f92       data     extern D:\3.43\pic18-lt\cxx-framework\src\traditional\proc\p18f252.asm
                    TRISB   0x000f93       data     extern D:\3.43\pic18-lt\cxx-framework\src\traditional\proc\p18f252.asm
                TRISBbits   0x000f93       data     extern D:\3.43\pic18-lt\cxx-framework\src\traditional\proc\p18f252.asm
                 DDRBbits   0x000f93       data     extern D:\3.43\pic18-lt\cxx-framework\src\traditional\proc\p18f252.asm
                     DDRB   0x000f93       data     extern D:\3.43\pic18-lt\cxx-framework\src\traditional\proc\p18f252.asm
                    TRISC   0x000f94       data     extern D:\3.43\pic18-lt\cxx-framework\src\traditional\proc\p18f252.asm
                 DDRCbits   0x000f94       data     extern D:\3.43\pic18-lt\cxx-framework\src\traditional\proc\p18f252.asm
                     DDRC   0x000f94       data     extern D:\3.43\pic18-lt\cxx-framework\src\traditional\proc\p18f252.asm
                TRISCbits   0x000f94       data     extern D:\3.43\pic18-lt\cxx-framework\src\traditional\proc\p18f252.asm
                     PIE1   0x000f9d       data     extern D:\3.43\pic18-lt\cxx-framework\src\traditional\proc\p18f252.asm
                 PIE1bits   0x000f9d       data     extern D:\3.43\pic18-lt\cxx-framework\src\traditional\proc\p18f252.asm
                 PIR1bits   0x000f9e       data     extern D:\3.43\pic18-lt\cxx-framework\src\traditional\proc\p18f252.asm
                     PIR1   0x000f9e       data     extern D:\3.43\pic18-lt\cxx-framework\src\traditional\proc\p18f252.asm
                 IPR1bits   0x000f9f       data     extern D:\3.43\pic18-lt\cxx-framework\src\traditional\proc\p18f252.asm
                     IPR1   0x000f9f       data     extern D:\3.43\pic18-lt\cxx-framework\src\traditional\proc\p18f252.asm
                 PIE2bits   0x000fa0       data     extern D:\3.43\pic18-lt\cxx-framework\src\traditional\proc\p18f252.asm
                     PIE2   0x000fa0       data     extern D:\3.43\pic18-lt\cxx-framework\src\traditional\proc\p18f252.asm
                     PIR2   0x000fa1       data     extern D:\3.43\pic18-lt\cxx-framework\src\traditional\proc\p18f252.asm
                 PIR2bits   0x000fa1       data     extern D:\3.43\pic18-lt\cxx-framework\src\traditional\proc\p18f252.asm
                 IPR2bits   0x000fa2       data     extern D:\3.43\pic18-lt\cxx-framework\src\traditional\proc\p18f252.asm
                     IPR2   0x000fa2       data     extern D:\3.43\pic18-lt\cxx-framework\src\traditional\proc\p18f252.asm
               EECON1bits   0x000fa6       data     extern D:\3.43\pic18-lt\cxx-framework\src\traditional\proc\p18f252.asm
                   EECON1   0x000fa6       data     extern D:\3.43\pic18-lt\cxx-framework\src\traditional\proc\p18f252.asm
                   EECON2   0x000fa7       data     extern D:\3.43\pic18-lt\cxx-framework\src\traditional\proc\p18f252.asm
                   EEDATA   0x000fa8       data     extern D:\3.43\pic18-lt\cxx-framework\src\traditional\proc\p18f252.asm
                    EEADR   0x000fa9       data     extern D:\3.43\pic18-lt\cxx-framework\src\traditional\proc\p18f252.asm
                RCSTAbits   0x000fab       data     extern D:\3.43\pic18-lt\cxx-framework\src\traditional\proc\p18f252.asm
                    RCSTA   0x000fab       data     extern D:\3.43\pic18-lt\cxx-framework\src\traditional\proc\p18f252.asm
                    TXSTA   0x000fac       data     extern D:\3.43\pic18-lt\cxx-framework\src\traditional\proc\p18f252.asm
                TXSTAbits   0x000fac       data     extern D:\3.43\pic18-lt\cxx-framework\src\traditional\proc\p18f252.asm
                    TXREG   0x000fad       data     extern D:\3.43\pic18-lt\cxx-framework\src\traditional\proc\p18f252.asm
                    RCREG   0x000fae       data     extern D:\3.43\pic18-lt\cxx-framework\src\traditional\proc\p18f252.asm
                    SPBRG   0x000faf       data     extern D:\3.43\pic18-lt\cxx-framework\src\traditional\proc\p18f252.asm
                    T3CON   0x000fb1       data     extern D:\3.43\pic18-lt\cxx-framework\src\traditional\proc\p18f252.asm
                T3CONbits   0x000fb1       data     extern D:\3.43\pic18-lt\cxx-framework\src\traditional\proc\p18f252.asm
                    TMR3L   0x000fb2       data     extern D:\3.43\pic18-lt\cxx-framework\src\traditional\proc\p18f252.asm
                    TMR3H   0x000fb3       data     extern D:\3.43\pic18-lt\cxx-framework\src\traditional\proc\p18f252.asm
                  CCP2CON   0x000fba       data     extern D:\3.43\pic18-lt\cxx-framework\src\traditional\proc\p18f252.asm
              CCP2CONbits   0x000fba       data     extern D:\3.43\pic18-lt\cxx-framework\src\traditional\proc\p18f252.asm
                    CCPR2   0x000fbb       data     extern D:\3.43\pic18-lt\cxx-framework\src\traditional\proc\p18f252.asm
                   CCPR2L   0x000fbb       data     extern D:\3.43\pic18-lt\cxx-framework\src\traditional\proc\p18f252.asm
                   CCPR2H   0x000fbc       data     extern D:\3.43\pic18-lt\cxx-framework\src\traditional\proc\p18f252.asm
              CCP1CONbits   0x000fbd       data     extern D:\3.43\pic18-lt\cxx-framework\src\traditional\proc\p18f252.asm
                  CCP1CON   0x000fbd       data     extern D:\3.43\pic18-lt\cxx-framework\src\traditional\proc\p18f252.asm
                    CCPR1   0x000fbe       data     extern D:\3.43\pic18-lt\cxx-framework\src\traditional\proc\p18f252.asm
                   CCPR1L   0x000fbe       data     extern D:\3.43\pic18-lt\cxx-framework\src\traditional\proc\p18f252.asm
                   CCPR1H   0x000fbf       data     extern D:\3.43\pic18-lt\cxx-framework\src\traditional\proc\p18f252.asm
               ADCON1bits   0x000fc1       data     extern D:\3.43\pic18-lt\cxx-framework\src\traditional\proc\p18f252.asm
                   ADCON1   0x000fc1       data     extern D:\3.43\pic18-lt\cxx-framework\src\traditional\proc\p18f252.asm
               ADCON0bits   0x000fc2       data     extern D:\3.43\pic18-lt\cxx-framework\src\traditional\proc\p18f252.asm
                   ADCON0   0x000fc2       data     extern D:\3.43\pic18-lt\cxx-framework\src\traditional\proc\p18f252.asm
                    ADRES   0x000fc3       data     extern D:\3.43\pic18-lt\cxx-framework\src\traditional\proc\p18f252.asm
                   ADRESL   0x000fc3       data     extern D:\3.43\pic18-lt\cxx-framework\src\traditional\proc\p18f252.asm
                   ADRESH   0x000fc4       data     extern D:\3.43\pic18-lt\cxx-framework\src\traditional\proc\p18f252.asm
              SSPCON2bits   0x000fc5       data     extern D:\3.43\pic18-lt\cxx-framework\src\traditional\proc\p18f252.asm
                  SSPCON2   0x000fc5       data     extern D:\3.43\pic18-lt\cxx-framework\src\traditional\proc\p18f252.asm
              SSPCON1bits   0x000fc6       data     extern D:\3.43\pic18-lt\cxx-framework\src\traditional\proc\p18f252.asm
                  SSPCON1   0x000fc6       data     extern D:\3.43\pic18-lt\cxx-framework\src\traditional\proc\p18f252.asm
                  SSPSTAT   0x000fc7       data     extern D:\3.43\pic18-lt\cxx-framework\src\traditional\proc\p18f252.asm
              SSPSTATbits   0x000fc7       data     extern D:\3.43\pic18-lt\cxx-framework\src\traditional\proc\p18f252.asm
                   SSPADD   0x000fc8       data     extern D:\3.43\pic18-lt\cxx-framework\src\traditional\proc\p18f252.asm
                   SSPBUF   0x000fc9       data     extern D:\3.43\pic18-lt\cxx-framework\src\traditional\proc\p18f252.asm
                    T2CON   0x000fca       data     extern D:\3.43\pic18-lt\cxx-framework\src\traditional\proc\p18f252.asm
                T2CONbits   0x000fca       data     extern D:\3.43\pic18-lt\cxx-framework\src\traditional\proc\p18f252.asm
                      PR2   0x000fcb       data     extern D:\3.43\pic18-lt\cxx-framework\src\traditional\proc\p18f252.asm
                     TMR2   0x000fcc       data     extern D:\3.43\pic18-lt\cxx-framework\src\traditional\proc\p18f252.asm
                T1CONbits   0x000fcd       data     extern D:\3.43\pic18-lt\cxx-framework\src\traditional\proc\p18f252.asm
                    T1CON   0x000fcd       data     extern D:\3.43\pic18-lt\cxx-framework\src\traditional\proc\p18f252.asm
                    TMR1L   0x000fce       data     extern D:\3.43\pic18-lt\cxx-framework\src\traditional\proc\p18f252.asm
                    TMR1H   0x000fcf       data     extern D:\3.43\pic18-lt\cxx-framework\src\traditional\proc\p18f252.asm
                     RCON   0x000fd0       data     extern D:\3.43\pic18-lt\cxx-framework\src\traditional\proc\p18f252.asm
                 RCONbits   0x000fd0       data     extern D:\3.43\pic18-lt\cxx-framework\src\traditional\proc\p18f252.asm
               WDTCONbits   0x000fd1       data     extern D:\3.43\pic18-lt\cxx-framework\src\traditional\proc\p18f252.asm
                   WDTCON   0x000fd1       data     extern D:\3.43\pic18-lt\cxx-framework\src\traditional\proc\p18f252.asm
                   LVDCON   0x000fd2       data     extern D:\3.43\pic18-lt\cxx-framework\src\traditional\proc\p18f252.asm
               LVDCONbits   0x000fd2       data     extern D:\3.43\pic18-lt\cxx-framework\src\traditional\proc\p18f252.asm
                   OSCCON   0x000fd3       data     extern D:\3.43\pic18-lt\cxx-framework\src\traditional\proc\p18f252.asm
               OSCCONbits   0x000fd3       data     extern D:\3.43\pic18-lt\cxx-framework\src\traditional\proc\p18f252.asm
                    T0CON   0x000fd5       data     extern D:\3.43\pic18-lt\cxx-framework\src\traditional\proc\p18f252.asm
                T0CONbits   0x000fd5       data     extern D:\3.43\pic18-lt\cxx-framework\src\traditional\proc\p18f252.asm
                    TMR0L   0x000fd6       data     extern D:\3.43\pic18-lt\cxx-framework\src\traditional\proc\p18f252.asm
                    TMR0H   0x000fd7       data     extern D:\3.43\pic18-lt\cxx-framework\src\traditional\proc\p18f252.asm
                   STATUS   0x000fd8       data     extern D:\3.43\pic18-lt\cxx-framework\src\traditional\proc\p18f252.asm
               STATUSbits   0x000fd8       data     extern D:\3.43\pic18-lt\cxx-framework\src\traditional\proc\p18f252.asm
                    FSR2L   0x000fd9       data     extern D:\3.43\pic18-lt\cxx-framework\src\traditional\proc\p18f252.asm
                     FSR2   0x000fd9       data     extern D:\3.43\pic18-lt\cxx-framework\src\traditional\proc\p18f252.asm
                    FSR2H   0x000fda       data     extern D:\3.43\pic18-lt\cxx-framework\src\traditional\proc\p18f252.asm
                   PLUSW2   0x000fdb       data     extern D:\3.43\pic18-lt\cxx-framework\src\traditional\proc\p18f252.asm
                  PREINC2   0x000fdc       data     extern D:\3.43\pic18-lt\cxx-framework\src\traditional\proc\p18f252.asm
                 POSTDEC2   0x000fdd       data     extern D:\3.43\pic18-lt\cxx-framework\src\traditional\proc\p18f252.asm
                 POSTINC2   0x000fde       data     extern D:\3.43\pic18-lt\cxx-framework\src\traditional\proc\p18f252.asm
                    INDF2   0x000fdf       data     extern D:\3.43\pic18-lt\cxx-framework\src\traditional\proc\p18f252.asm
                      BSR   0x000fe0       data     extern D:\3.43\pic18-lt\cxx-framework\src\traditional\proc\p18f252.asm
                    FSR1L   0x000fe1       data     extern D:\3.43\pic18-lt\cxx-framework\src\traditional\proc\p18f252.asm
                     FSR1   0x000fe1       data     extern D:\3.43\pic18-lt\cxx-framework\src\traditional\proc\p18f252.asm
                    FSR1H   0x000fe2       data     extern D:\3.43\pic18-lt\cxx-framework\src\traditional\proc\p18f252.asm
                   PLUSW1   0x000fe3       data     extern D:\3.43\pic18-lt\cxx-framework\src\traditional\proc\p18f252.asm
                  PREINC1   0x000fe4       data     extern D:\3.43\pic18-lt\cxx-framework\src\traditional\proc\p18f252.asm
                 POSTDEC1   0x000fe5       data     extern D:\3.43\pic18-lt\cxx-framework\src\traditional\proc\p18f252.asm
                 POSTINC1   0x000fe6       data     extern D:\3.43\pic18-lt\cxx-framework\src\traditional\proc\p18f252.asm
                    INDF1   0x000fe7       data     extern D:\3.43\pic18-lt\cxx-framework\src\traditional\proc\p18f252.asm
                        W   0x000fe8       data     extern D:\3.43\pic18-lt\cxx-framework\src\traditional\proc\p18f252.asm
                     WREG   0x000fe8       data     extern D:\3.43\pic18-lt\cxx-framework\src\traditional\proc\p18f252.asm
                     FSR0   0x000fe9       data     extern D:\3.43\pic18-lt\cxx-framework\src\traditional\proc\p18f252.asm
                    FSR0L   0x000fe9       data     extern D:\3.43\pic18-lt\cxx-framework\src\traditional\proc\p18f252.asm
                    FSR0H   0x000fea       data     extern D:\3.43\pic18-lt\cxx-framework\src\traditional\proc\p18f252.asm
                   PLUSW0   0x000feb       data     extern D:\3.43\pic18-lt\cxx-framework\src\traditional\proc\p18f252.asm
                  PREINC0   0x000fec       data     extern D:\3.43\pic18-lt\cxx-framework\src\traditional\proc\p18f252.asm
                 POSTDEC0   0x000fed       data     extern D:\3.43\pic18-lt\cxx-framework\src\traditional\proc\p18f252.asm
                 POSTINC0   0x000fee       data     extern D:\3.43\pic18-lt\cxx-framework\src\traditional\proc\p18f252.asm
                    INDF0   0x000fef       data     extern D:\3.43\pic18-lt\cxx-framework\src\traditional\proc\p18f252.asm
              INTCON3bits   0x000ff0       data     extern D:\3.43\pic18-lt\cxx-framework\src\traditional\proc\p18f252.asm
                  INTCON3   0x000ff0       data     extern D:\3.43\pic18-lt\cxx-framework\src\traditional\proc\p18f252.asm
                  INTCON2   0x000ff1       data     extern D:\3.43\pic18-lt\cxx-framework\src\traditional\proc\p18f252.asm
              INTCON2bits   0x000ff1       data     extern D:\3.43\pic18-lt\cxx-framework\src\traditional\proc\p18f252.asm
              INTCON1bits   0x000ff2       data     extern D:\3.43\pic18-lt\cxx-framework\src\traditional\proc\p18f252.asm
                  INTCON1   0x000ff2       data     extern D:\3.43\pic18-lt\cxx-framework\src\traditional\proc\p18f252.asm
                   INTCON   0x000ff2       data     extern D:\3.43\pic18-lt\cxx-framework\src\traditional\proc\p18f252.asm
               INTCONbits   0x000ff2       data     extern D:\3.43\pic18-lt\cxx-framework\src\traditional\proc\p18f252.asm
                     PROD   0x000ff3       data     extern D:\3.43\pic18-lt\cxx-framework\src\traditional\proc\p18f252.asm
                    PRODL   0x000ff3       data     extern D:\3.43\pic18-lt\cxx-framework\src\traditional\proc\p18f252.asm
                    PRODH   0x000ff4       data     extern D:\3.43\pic18-lt\cxx-framework\src\traditional\proc\p18f252.asm
                   TABLAT   0x000ff5       data     extern D:\3.43\pic18-lt\cxx-framework\src\traditional\proc\p18f252.asm
                  TBLPTRL   0x000ff6       data     extern D:\3.43\pic18-lt\cxx-framework\src\traditional\proc\p18f252.asm
                   TBLPTR   0x000ff6       data     extern D:\3.43\pic18-lt\cxx-framework\src\traditional\proc\p18f252.asm
                  TBLPTRH   0x000ff7       data     extern D:\3.43\pic18-lt\cxx-framework\src\traditional\proc\p18f252.asm
                  TBLPTRU   0x000ff8       data     extern D:\3.43\pic18-lt\cxx-framework\src\traditional\proc\p18f252.asm
                       PC   0x000ff9       data     extern D:\3.43\pic18-lt\cxx-framework\src\traditional\proc\p18f252.asm
                      PCL   0x000ff9       data     extern D:\3.43\pic18-lt\cxx-framework\src\traditional\proc\p18f252.asm
                   PCLATH   0x000ffa       data     extern D:\3.43\pic18-lt\cxx-framework\src\traditional\proc\p18f252.asm
                   PCLATU   0x000ffb       data     extern D:\3.43\pic18-lt\cxx-framework\src\traditional\proc\p18f252.asm
                   STKPTR   0x000ffc       data     extern D:\3.43\pic18-lt\cxx-framework\src\traditional\proc\p18f252.asm
               STKPTRbits   0x000ffc       data     extern D:\3.43\pic18-lt\cxx-framework\src\traditional\proc\p18f252.asm
                     TOSL   0x000ffd       data     extern D:\3.43\pic18-lt\cxx-framework\src\traditional\proc\p18f252.asm
                      TOS   0x000ffd       data     extern D:\3.43\pic18-lt\cxx-framework\src\traditional\proc\p18f252.asm
                     TOSH   0x000ffe       data     extern D:\3.43\pic18-lt\cxx-framework\src\traditional\proc\p18f252.asm
                     TOSU   0x000fff       data     extern D:\3.43\pic18-lt\cxx-framework\src\traditional\proc\p18f252.asm


