Microchip MPLAB XC8 Compiler V1.44 ()

Linker command line:

-W2 --edf=C:\Programs\Microchip\xc8\v1.44\dat\en_msgs.txt -cs \
  -h+dist/default/production\horloge_chrono_lcd.X.production.sym \
  --cmf=dist/default/production\horloge_chrono_lcd.X.production.cmf -z \
  -Q18F252 -oC:\Users\Pierre\AppData\Local\Temp\s3c4.2 \
  -Mdist/default/production/horloge_chrono_lcd.X.production.map -E1 \
  -ver=XC8 -ASTACK=0C7h-05ffh -pstack=STACK -ACODE=00h-03FFFhx2 \
  -ACONST=00h-07FFFh -ASMALLCONST=0600h-06FFhx122 \
  -AMEDIUMCONST=0600h-07FFFh -ACOMRAM=01h-07Fh -AABS1=00h-05FFh \
  -ABIGRAM=01h-05FFh -ARAM=080h-0FFh,0100h-01FFhx5 -ABANK0=080h-0FFh \
  -ABANK1=0100h-01FFh -ABANK2=0200h-02FFh -ABANK3=0300h-03FFh \
  -ABANK4=0400h-04FFh -ABANK5=0500h-05FFh -ASFR=0F80h-0FFFh \
  -preset_vec=00h,intcode=08h,intcodelo,powerup,init -pramtop=0600h \
  -psmallconst=SMALLCONST -pmediumconst=MEDIUMCONST -pconst=CONST \
  -AFARRAM=00h-00h -ACONFIG=0300000h-030000Dh -pconfig=CONFIG \
  -AIDLOC=0200000h-0200007h -pidloc=IDLOC -AEEDATA=0F00000h-0F000FFh \
  -peeprom_data=EEDATA \
  -prdata=COMRAM,nvrram=COMRAM,nvbit=COMRAM,rbss=COMRAM,rbit=COMRAM \
  -pfarbss=FARRAM,fardata=FARRAM,nvFARRAM=FARRAM \
  -pintsave_regs=BIGRAM,bigbss=BIGRAM,bigdata=BIGRAM -pbss=RAM \
  -pidata=CODE,irdata=CODE,ibigdata=CODE,ifardata=CODE -prparam=COMRAM \
  C:\Users\Pierre\AppData\Local\Temp\s3c4.obj \
  dist/default/production\horloge_chrono_lcd.X.production.obj 

Object code version is 3.11

Machine type is 18F252

Call graph: (short form)




                Name                               Link     Load   Length Selector   Space Scale
C:\Users\Pierre\AppData\Local\Temp\s3c4.obj
                text                               17F6     17F6        2      321       0
                init                                108      108        4        4       0
                reset_vec                             0        0        6        0       0
                idloc                            200000   200000        8   200000       0
                config                           300000   300000        E   300000       0
dist/default/production\horloge_chrono_lcd.X.production.obj
                intcode                               8        8      100        4       0
                temp                                 51       51        1        1       1
                smallconst                          600      600       42      300       0
                text27                             132E     132E       86      321       0
                text26                             1724     1724       3E      321       0
                text25                              968      968      146      321       0
                text24                             12A6     12A6       88      321       0
                text23                              BBE      BBE       FE      321       0
                text22                             1626     1626       42      321       0
                text21                             1668     1668       40      321       0
                text20                             15E0     15E0       46      321       0
                text19                             17CE     17CE       1A      321       0
                text18                             14BA     14BA       76      321       0
                text16                             16E6     16E6       3E      321       0
                text15                             16A8     16A8       3E      321       0
                text14                              814      814      154      321       0
                text13                              F8A      F8A       E6      321       0
                text12                             179C     179C       32      321       0
                text11                             1146     1146       C4      321       0
                text10                              EA2      EA2       E8      321       0
                text9                               CBC      CBC       FA      321       0
                text8                              1530     1530       68      321       0
                text7                              1438     1438       82      321       0
                text6                               642      642      1D2      321       0
                text5                              120A     120A       9C      321       0
                text4                               DB6      DB6       EC      321       0
                text3                              13B4     13B4       84      321       0
                text2                               AAE      AAE      110      321       0
                text1                              1070     1070       D6      321       0
                text0                              1598     1598       48      321       0
                cstackCOMRAM                          1        1       37        1       1
                cstackBANK0                          80       80       47       80       1
                dataCOMRAM                           38       38        E        1       1
                bssCOMRAM                            46       46        B        1       1
                cinit                              1762     1762       3A      321       0
                idataCOMRAM                        17E8     17E8        E      321       0

TOTAL           Name                               Link     Load   Length     Space
        CLASS   STACK          

        CLASS   CODE           
                intcode                               8        8      100         0
                text                               17F6     17F6        2         0
                init                                108      108        4         0
                reset_vec                             0        0        6         0
                text27                             132E     132E       86         0
                text26                             1724     1724       3E         0
                text25                              968      968      146         0
                text24                             12A6     12A6       88         0
                text23                              BBE      BBE       FE         0
                text22                             1626     1626       42         0
                text21                             1668     1668       40         0
                text20                             15E0     15E0       46         0
                text19                             17CE     17CE       1A         0
                text18                             14BA     14BA       76         0
                text16                             16E6     16E6       3E         0
                text15                             16A8     16A8       3E         0
                text14                              814      814      154         0
                text13                              F8A      F8A       E6         0
                text12                             179C     179C       32         0
                text11                             1146     1146       C4         0
                text10                              EA2      EA2       E8         0
                text9                               CBC      CBC       FA         0
                text8                              1530     1530       68         0
                text7                              1438     1438       82         0
                text6                               642      642      1D2         0
                text5                              120A     120A       9C         0
                text4                               DB6      DB6       EC         0
                text3                              13B4     13B4       84         0
                text2                               AAE      AAE      110         0
                text1                              1070     1070       D6         0
                text0                              1598     1598       48         0
                cinit                              1762     1762       3A         0
                idataCOMRAM                        17E8     17E8        E         0

        CLASS   CONST          

        CLASS   SMALLCONST     
                smallconst                          600      600       42         0

        CLASS   MEDIUMCONST    

        CLASS   COMRAM         
                temp                                 51       51        1         1
                cstackCOMRAM                          1        1       37         1
                dataCOMRAM                           38       38        E         1
                bssCOMRAM                            46       46        B         1

        CLASS   ABS1           

        CLASS   BIGRAM         

        CLASS   RAM            

        CLASS   BANK0          
                cstackBANK0                          80       80       47         1

        CLASS   BANK1          

        CLASS   BANK2          

        CLASS   BANK3          

        CLASS   BANK4          

        CLASS   BANK5          

        CLASS   SFR            

        CLASS   FARRAM         

        CLASS   CONFIG         
                config                           300000   300000        E         0

        CLASS   IDLOC          
                idloc                            200000   200000        8         0

        CLASS   EEDATA         



SEGMENTS        Name                           Load    Length   Top    Selector   Space  Class

                reset_vec                      000000  000006  000006         0       0  CODE    
                cstackCOMRAM                   000001  000051  000052         1       1  COMRAM  
                intcode                        000008  000104  00010C         4       0  CODE    
                cstackBANK0                    000080  000047  0000C7        80       1  BANK0   
                smallconst                     000600  000042  000642       300       0  SMALLCON
                text6                          000642  0011B6  0017F8       321       0  CODE    
                idloc                          200000  000008  200008    200000       0  IDLOC   
                config                         300000  00000E  30000E    300000       0  CONFIG  


UNUSED ADDRESS RANGES

        Name                Unused          Largest block    Delta
        BANK0            0000C7-0000FF               39
        BANK1            000100-0001FF              100
        BANK2            000200-0002FF              100
        BANK3            000300-0003FF              100
        BANK4            000400-0004FF              100
        BANK5            000500-0005FF              100
        BIGRAM           000052-00007F               2E
                         0000C7-0005FF              539
        CODE             000006-000007                2
                         00010C-0005FF              4F4
                         0017F8-007FFF             2808
        COMRAM           000052-00007F               2E
        CONST            000006-000007                2
                         00010C-0005FF              4F4
                         0017F8-007FFF             6808
        EEDATA           F00000-F000FF              100
        MEDIUMCONST      0017F8-007FFF             6808
        RAM              0000C7-0005FF              100
        SFR              000F80-000FFF               80
        SMALLCONST       0017F8-007FFF              100
        STACK            0000C7-0005FF              539

                                  Symbol Table

?___altoft                                                                 cstackBANK0  000086
?___ftadd                                                                  cstackBANK0  0000A6
?___ftdiv                                                                  cstackBANK0  000097
?___ftmul                                                                  cstackBANK0  000088
?___ftpack                                                                 cstackCOMRAM 00002F
?___fttol                                                                  cstackCOMRAM 00002F
?___lltoft                                                                 cstackBANK0  000080
?_ceil                                                                     cstackBANK0  0000B2
_ADCON1                                                                    (abs)        000FC1
_INTCON                                                                    (abs)        000FF2
_INTCONbits                                                                (abs)        000FF2
_LATA0                                                                     (abs)        007C48
_LATB0                                                                     (abs)        007C50
_LATB1                                                                     (abs)        007C51
_LATB2                                                                     (abs)        007C52
_LATB3                                                                     (abs)        007C53
_LATB4                                                                     (abs)        007C54
_LATB5                                                                     (abs)        007C55
_LATC2                                                                     (abs)        007C5A
_LATC3                                                                     (abs)        007C5B
_LATC4                                                                     (abs)        007C5C
_LATC5                                                                     (abs)        007C5D
_PIE1                                                                      (abs)        000F9D
_PIE1bits                                                                  (abs)        000F9D
_PIR1bits                                                                  (abs)        000F9E
_PR2                                                                       (abs)        000FCB
_RCONbits                                                                  (abs)        000FD0
_RCREG                                                                     (abs)        000FAE
_RCSTAbits                                                                 (abs)        000FAB
_SPBRG                                                                     (abs)        000FAF
_T0CONbits                                                                 (abs)        000FD5
_T2CONbits                                                                 (abs)        000FCA
_TRISA                                                                     (abs)        000F92
_TRISB                                                                     (abs)        000F93
_TRISB0                                                                    (abs)        007C98
_TRISB1                                                                    (abs)        007C99
_TRISB2                                                                    (abs)        007C9A
_TRISB3                                                                    (abs)        007C9B
_TRISB4                                                                    (abs)        007C9C
_TRISB5                                                                    (abs)        007C9D
_TRISC                                                                     (abs)        000F94
_TRISC2                                                                    (abs)        007CA2
_TRISC3                                                                    (abs)        007CA3
_TRISC4                                                                    (abs)        007CA4
_TRISC5                                                                    (abs)        007CA5
_TRISCbits                                                                 (abs)        000F94
_TXREG                                                                     (abs)        000FAD
_TXSTAbits                                                                 (abs)        000FAC
__CFG_LVP$OFF                                                              (abs)        000000
__CFG_OSC$HS                                                               (abs)        000000
__CFG_WDT$OFF                                                              (abs)        000000
__HRAM                                                                     (abs)        000000
__Habs1                                                                    abs1         000000
__Hbank0                                                                   bank0        000000
__Hbank1                                                                   bank1        000000
__Hbank2                                                                   bank2        000000
__Hbank3                                                                   bank3        000000
__Hbank4                                                                   bank4        000000
__Hbank5                                                                   bank5        000000
__Hbigbss                                                                  bigbss       000000
__Hbigdata                                                                 bigdata      000000
__Hbigram                                                                  bigram       000000
__Hbss                                                                     bss          000000
__HbssCOMRAM                                                               bssCOMRAM    000000
__Hcinit                                                                   cinit        000000
__Hclrtext                                                                 clrtext      000000
__Hcomram                                                                  comram       000000
__Hconfig                                                                  config       30000E
__Hconst                                                                   const        000000
__HcstackBANK0                                                             cstackBANK0  000000
__HcstackCOMRAM                                                            cstackCOMRAM 000000
__Hdata                                                                    data         000000
__HdataCOMRAM                                                              dataCOMRAM   000000
__Heeprom_data                                                             eeprom_data  000000
__Hfarbss                                                                  farbss       000000
__Hfardata                                                                 fardata      000000
__Hibigdata                                                                ibigdata     000000
__Hidata                                                                   idata        000000
__HidataCOMRAM                                                             idataCOMRAM  000000
__Hidloc                                                                   idloc        200008
__Hifardata                                                                ifardata     000000
__Hinit                                                                    init         00010C
__Hintcode                                                                 intcode      000108
__Hintcode_body                                                            intcode_body 000000
__Hintcodelo                                                               intcodelo    000108
__Hintentry                                                                intentry     000000
__Hintret                                                                  intret       000000
__Hintsave_regs                                                            intsave_regs 000000
__Hirdata                                                                  irdata       000000
__Hmediumconst                                                             mediumconst  000000
__HnvFARRAM                                                                nvFARRAM     000000
__Hnvbit                                                                   nvbit        000000
__Hnvrram                                                                  nvrram       000000
__Hparam                                                                   rparam       000000
__Hpowerup                                                                 powerup      000108
__Hram                                                                     ram          000000
__Hramtop                                                                  ramtop       000600
__Hrbit                                                                    rbit         000000
__Hrbss                                                                    rbss         000000
__Hrdata                                                                   rdata        000000
__Hreset_vec                                                               reset_vec    000006
__Hrparam                                                                  rparam       000000
__Hsfr                                                                     sfr          000000
__Hsmallconst                                                              smallconst   000642
__Hspace_0                                                                 (abs)        30000E
__Hspace_1                                                                 (abs)        0000C7
__Hspace_2                                                                 (abs)        000000
__Hstack                                                                   stack        000000
__Hstruct                                                                  struct       000000
__Htemp                                                                    temp         000052
__Htext                                                                    text         000000
__Htext0                                                                   text0        000000
__Htext1                                                                   text1        000000
__Htext10                                                                  text10       000000
__Htext11                                                                  text11       000000
__Htext12                                                                  text12       000000
__Htext13                                                                  text13       000000
__Htext14                                                                  text14       000000
__Htext15                                                                  text15       000000
__Htext16                                                                  text16       000000
__Htext18                                                                  text18       000000
__Htext19                                                                  text19       000000
__Htext2                                                                   text2        000000
__Htext20                                                                  text20       000000
__Htext21                                                                  text21       000000
__Htext22                                                                  text22       000000
__Htext23                                                                  text23       000000
__Htext24                                                                  text24       000000
__Htext25                                                                  text25       000000
__Htext26                                                                  text26       000000
__Htext27                                                                  text27       000000
__Htext3                                                                   text3        000000
__Htext4                                                                   text4        000000
__Htext5                                                                   text5        000000
__Htext6                                                                   text6        000000
__Htext7                                                                   text7        000000
__Htext8                                                                   text8        000000
__Htext9                                                                   text9        000000
__LRAM                                                                     (abs)        000001
__Labs1                                                                    abs1         000000
__Lbank0                                                                   bank0        000000
__Lbank1                                                                   bank1        000000
__Lbank2                                                                   bank2        000000
__Lbank3                                                                   bank3        000000
__Lbank4                                                                   bank4        000000
__Lbank5                                                                   bank5        000000
__Lbigbss                                                                  bigbss       000000
__Lbigdata                                                                 bigdata      000000
__Lbigram                                                                  bigram       000000
__Lbss                                                                     bss          000000
__LbssCOMRAM                                                               bssCOMRAM    000000
__Lcinit                                                                   cinit        000000
__Lclrtext                                                                 clrtext      000000
__Lcomram                                                                  comram       000000
__Lconfig                                                                  config       300000
__Lconst                                                                   const        000000
__LcstackBANK0                                                             cstackBANK0  000000
__LcstackCOMRAM                                                            cstackCOMRAM 000000
__Ldata                                                                    data         000000
__LdataCOMRAM                                                              dataCOMRAM   000000
__Leeprom_data                                                             eeprom_data  000000
__Lfarbss                                                                  farbss       000000
__Lfardata                                                                 fardata      000000
__Libigdata                                                                ibigdata     000000
__Lidata                                                                   idata        000000
__LidataCOMRAM                                                             idataCOMRAM  000000
__Lidloc                                                                   idloc        200000
__Lifardata                                                                ifardata     000000
__Linit                                                                    init         000108
__Lintcode                                                                 intcode      000008
__Lintcode_body                                                            intcode_body 000000
__Lintcodelo                                                               intcodelo    000108
__Lintentry                                                                intentry     000000
__Lintret                                                                  intret       000000
__Lintsave_regs                                                            intsave_regs 000000
__Lirdata                                                                  irdata       000000
__Lmediumconst                                                             mediumconst  000000
__LnvFARRAM                                                                nvFARRAM     000000
__Lnvbit                                                                   nvbit        000000
__Lnvrram                                                                  nvrram       000000
__Lparam                                                                   rparam       000000
__Lpowerup                                                                 powerup      000108
__Lram                                                                     ram          000000
__Lramtop                                                                  ramtop       000600
__Lrbit                                                                    rbit         000000
__Lrbss                                                                    rbss         000000
__Lrdata                                                                   rdata        000000
__Lreset_vec                                                               reset_vec    000000
__Lrparam                                                                  rparam       000000
__Lsfr                                                                     sfr          000000
__Lsmallconst                                                              smallconst   000600
__Lspace_0                                                                 (abs)        000000
__Lspace_1                                                                 (abs)        000000
__Lspace_2                                                                 (abs)        000000
__Lstack                                                                   stack        000000
__Lstruct                                                                  struct       000000
__Ltemp                                                                    temp         000051
__Ltext                                                                    text         000000
__Ltext0                                                                   text0        000000
__Ltext1                                                                   text1        000000
__Ltext10                                                                  text10       000000
__Ltext11                                                                  text11       000000
__Ltext12                                                                  text12       000000
__Ltext13                                                                  text13       000000
__Ltext14                                                                  text14       000000
__Ltext15                                                                  text15       000000
__Ltext16                                                                  text16       000000
__Ltext18                                                                  text18       000000
__Ltext19                                                                  text19       000000
__Ltext2                                                                   text2        000000
__Ltext20                                                                  text20       000000
__Ltext21                                                                  text21       000000
__Ltext22                                                                  text22       000000
__Ltext23                                                                  text23       000000
__Ltext24                                                                  text24       000000
__Ltext25                                                                  text25       000000
__Ltext26                                                                  text26       000000
__Ltext27                                                                  text27       000000
__Ltext3                                                                   text3        000000
__Ltext4                                                                   text4        000000
__Ltext5                                                                   text5        000000
__Ltext6                                                                   text6        000000
__Ltext7                                                                   text7        000000
__Ltext8                                                                   text8        000000
__Ltext9                                                                   text9        000000
__S0                                                                       (abs)        30000E
__S1                                                                       (abs)        0000C7
__S2                                                                       (abs)        000000
___altoft                                                                  text7        001438
___altoft@c                                                                cstackBANK0  000086
___altoft@exp                                                              cstackBANK0  00008E
___altoft@sign                                                             cstackBANK0  00008F
___ftadd                                                                   text6        000642
___ftadd@exp1                                                              cstackBANK0  0000B1
___ftadd@exp2                                                              cstackBANK0  0000B0
___ftadd@f1                                                                cstackBANK0  0000A6
___ftadd@f2                                                                cstackBANK0  0000A9
___ftadd@sign                                                              cstackBANK0  0000AF
___ftdiv                                                                   text10       000EA2
___ftdiv@cntr                                                              cstackBANK0  0000A0
___ftdiv@exp                                                               cstackBANK0  0000A4
___ftdiv@f1                                                                cstackBANK0  000097
___ftdiv@f2                                                                cstackBANK0  00009A
___ftdiv@f3                                                                cstackBANK0  0000A1
___ftdiv@sign                                                              cstackBANK0  0000A5
___ftge                                                                    text5        00120A
___ftge@ff1                                                                cstackCOMRAM 00002F
___ftge@ff2                                                                cstackCOMRAM 000032
___ftmul                                                                   text9        000CBC
___ftmul@cntr                                                              cstackBANK0  000095
___ftmul@exp                                                               cstackBANK0  000091
___ftmul@f1                                                                cstackBANK0  000088
___ftmul@f2                                                                cstackBANK0  00008B
___ftmul@f3_as_product                                                     cstackBANK0  000092
___ftmul@sign                                                              cstackBANK0  000096
___ftpack                                                                  text11       001146
___ftpack@arg                                                              cstackCOMRAM 00002F
___ftpack@exp                                                              cstackCOMRAM 000032
___ftpack@sign                                                             cstackCOMRAM 000033
___fttol                                                                   text4        000DB6
___fttol@exp1                                                              cstackBANK0  000085
___fttol@f1                                                                cstackCOMRAM 00002F
___fttol@lval                                                              cstackBANK0  000081
___fttol@sign1                                                             cstackBANK0  000080
___inthi_sp                                                                stack        000000
___intlo_sp                                                                stack        000000
___lltoft                                                                  text8        001530
___lltoft@c                                                                cstackBANK0  000080
___lltoft@exp                                                              cstackCOMRAM 000037
___param_bank                                                              (abs)        000000
___rparam_used                                                             (abs)        000001
___sp                                                                      stack        000000
__accesstop                                                                (abs)        000080
__activetblptr                                                             (abs)        000002
__cntErrataNOP_C:\Users\Pierre\AppData\Local\Temp\s3c4.obj                 (abs)        000001
__cntErrataNOP_dist/default/production\horloge_chrono_lcd.X.production.obj (abs)        0000AA
__end_of___altoft                                                          text7        0014BA
__end_of___ftadd                                                           text6        000814
__end_of___ftdiv                                                           text10       000F8A
__end_of___ftge                                                            text5        0012A6
__end_of___ftmul                                                           text9        000DB6
__end_of___ftpack                                                          text11       00120A
__end_of___fttol                                                           text4        000EA2
__end_of___lltoft                                                          text8        001598
__end_of__initialization                                                   cinit        00178E
__end_of_ceil                                                              text2        000BBE
__end_of_clock_update                                                      text27       0013B4
__end_of_dec_2_bcd                                                         text23       000CBC
__end_of_delay_ms                                                          text16       001724
__end_of_delay_us                                                          text15       0016E6
__end_of_frexp                                                             text3        001438
__end_of_lcd_2x16_init                                                     text13       001070
__end_of_lcd_2x16_position                                                 text24       00132E
__end_of_lcd_2x16_write                                                    text14       000968
__end_of_lcd_2x16_write_2bcd                                               text22       001668
__end_of_lcd_2x16_write_string                                             text21       0016A8
__end_of_lcd_write_hour                                                    text20       001626
__end_of_main                                                              text0        0015E0
__end_of_timer2_init                                                       text12       0017CE
__end_of_timer2_irq                                                        intcode      000108
__end_of_uart_init                                                         text1        001146
__end_of_uart_write                                                        text19       0017E8
__end_of_uart_write_u8                                                     text18       001530
__end_ofi2_delay_us                                                        text26       001762
__end_ofi2_lcd_2x16_write                                                  text25       000AAE
__initialization                                                           cinit        001762
__mediumconst                                                              mediumconst  000000
__pbssCOMRAM                                                               bssCOMRAM    000046
__pcinit                                                                   cinit        001762
__pcstackBANK0                                                             cstackBANK0  000080
__pcstackCOMRAM                                                            cstackCOMRAM 000001
__pdataCOMRAM                                                              dataCOMRAM   000038
__pidataCOMRAM                                                             idataCOMRAM  0017E8
__pintcode                                                                 intcode      000008
__psmallconst                                                              smallconst   000600
__ptext0                                                                   text0        001598
__ptext1                                                                   text1        001070
__ptext10                                                                  text10       000EA2
__ptext11                                                                  text11       001146
__ptext12                                                                  text12       00179C
__ptext13                                                                  text13       000F8A
__ptext14                                                                  text14       000814
__ptext15                                                                  text15       0016A8
__ptext16                                                                  text16       0016E6
__ptext18                                                                  text18       0014BA
__ptext19                                                                  text19       0017CE
__ptext2                                                                   text2        000AAE
__ptext20                                                                  text20       0015E0
__ptext21                                                                  text21       001668
__ptext22                                                                  text22       001626
__ptext23                                                                  text23       000BBE
__ptext24                                                                  text24       0012A6
__ptext25                                                                  text25       000968
__ptext26                                                                  text26       001724
__ptext27                                                                  text27       00132E
__ptext3                                                                   text3        0013B4
__ptext4                                                                   text4        000DB6
__ptext5                                                                   text5        00120A
__ptext6                                                                   text6        000642
__ptext7                                                                   text7        001438
__ptext8                                                                   text8        001530
__ptext9                                                                   text9        000CBC
__ramtop                                                                   ramtop       000600
__size_of___altoft                                                         (abs)        000000
__size_of___ftadd                                                          (abs)        000000
__size_of___ftdiv                                                          (abs)        000000
__size_of___ftge                                                           (abs)        000000
__size_of___ftmul                                                          (abs)        000000
__size_of___ftpack                                                         (abs)        000000
__size_of___fttol                                                          (abs)        000000
__size_of___lltoft                                                         (abs)        000000
__size_of_ceil                                                             (abs)        000000
__size_of_clock_update                                                     (abs)        000000
__size_of_dec_2_bcd                                                        (abs)        000000
__size_of_delay_ms                                                         (abs)        000000
__size_of_delay_us                                                         (abs)        000000
__size_of_frexp                                                            (abs)        000000
__size_of_lcd_2x16_init                                                    (abs)        000000
__size_of_lcd_2x16_position                                                (abs)        000000
__size_of_lcd_2x16_write                                                   (abs)        000000
__size_of_lcd_2x16_write_2bcd                                              (abs)        000000
__size_of_lcd_2x16_write_string                                            (abs)        000000
__size_of_lcd_write_hour                                                   (abs)        000000
__size_of_main                                                             (abs)        000000
__size_of_timer2_init                                                      (abs)        000000
__size_of_timer2_irq                                                       (abs)        000000
__size_of_uart_init                                                        (abs)        000000
__size_of_uart_write                                                       (abs)        000000
__size_of_uart_write_u8                                                    (abs)        000000
__size_ofi2_delay_us                                                       (abs)        000000
__size_ofi2_lcd_2x16_write                                                 (abs)        000000
__smallconst                                                               smallconst   000600
_ceil                                                                      text2        000AAE
_clock_update                                                              text27       00132E
_dec_2_bcd                                                                 text23       000BBE
_delay_ms                                                                  text16       0016E6
_delay_us                                                                  text15       0016A8
_errno                                                                     bssCOMRAM    000046
_frexp                                                                     text3        0013B4
_lcd_2x16_init                                                             text13       000F8A
_lcd_2x16_position                                                         text24       0012A6
_lcd_2x16_write                                                            text14       000814
_lcd_2x16_write_2bcd                                                       text22       001626
_lcd_2x16_write_string                                                     text21       001668
_lcd_write_hour                                                            text20       0015E0
_main                                                                      text0        001598
_t                                                                         bssCOMRAM    00004A
_timer2_init                                                               text12       00179C
_timer2_irq                                                                intcode      000008
_uart_init                                                                 text1        001070
_uart_init$1710                                                            cstackBANK0  0000C3
_uart_write                                                                text19       0017CE
_uart_write_u8                                                             text18       0014BA
btemp                                                                      temp         000051
ceil@expon                                                                 cstackBANK0  0000B8
ceil@i                                                                     cstackBANK0  0000B5
ceil@x                                                                     cstackBANK0  0000B2
clock_update@t                                                             cstackCOMRAM 000001
dec_2_bcd@bcd                                                              cstackCOMRAM 000003
dec_2_bcd@dec                                                              cstackCOMRAM 000001
delay_ms@i                                                                 cstackCOMRAM 000031
delay_ms@k                                                                 cstackCOMRAM 000033
delay_ms@loop                                                              cstackCOMRAM 00002F
delay_us@i                                                                 cstackCOMRAM 000031
delay_us@k                                                                 cstackCOMRAM 000033
delay_us@loop                                                              cstackCOMRAM 00002F
end_of_initialization                                                      cinit        00178E
frexp@eptr                                                                 cstackCOMRAM 000032
frexp@value                                                                cstackCOMRAM 00002F
i2_delay_us                                                                text26       001724
i2_lcd_2x16_write                                                          text25       000968
i2delay_us@i                                                               cstackCOMRAM 000003
i2delay_us@k                                                               cstackCOMRAM 000005
i2delay_us@loop                                                            cstackCOMRAM 000001
i2lcd_2x16_write@data                                                      cstackCOMRAM 000007
i2lcd_2x16_write@rs                                                        cstackCOMRAM 000009
int$flags                                                                  temp         000051
intlevel0                                                                  text         0017F6
intlevel1                                                                  text         0017F6
intlevel2                                                                  text         0017F6
intlevel3                                                                  text         0017F6
lcd_2x16_position@ligne                                                    cstackCOMRAM 00000E
lcd_2x16_position@pos                                                      cstackCOMRAM 00000D
lcd_2x16_write@data                                                        cstackCOMRAM 000035
lcd_2x16_write@rs                                                          cstackCOMRAM 000037
lcd_2x16_write_2bcd@bcd                                                    cstackCOMRAM 00000F
lcd_2x16_write_2bcd@data                                                   cstackCOMRAM 00000D
lcd_2x16_write_string@string                                               cstackCOMRAM 00000D
lcd_write_hour@ligne                                                       cstackCOMRAM 00001B
lcd_write_hour@pos                                                         cstackCOMRAM 00001C
lcd_write_hour@t                                                           cstackCOMRAM 000014
stackhi                                                                    (abs)        0005FF
stacklo                                                                    (abs)        0000C7
start                                                                      init         000108
start_initialization                                                       cinit        001762
timer2_init@scaler                                                         cstackCOMRAM 000032
timer2_init@timer                                                          cstackCOMRAM 00002F
timer2_irq@CntTmr1                                                         bssCOMRAM    000048
uart_init@UART_BRG                                                         cstackBANK0  0000C0
uart_init@baudrate                                                         cstackBANK0  0000BA
uart_init@opt                                                              cstackBANK0  0000BE
uart_init@uart_id                                                          cstackBANK0  0000C6
uart_write@data                                                            cstackCOMRAM 000001
uart_write@uart_id                                                         cstackCOMRAM 000002
uart_write_date@F2414                                                      dataCOMRAM   000038
uart_write_u8@bcd                                                          cstackCOMRAM 000007
uart_write_u8@data                                                         cstackCOMRAM 000005
uart_write_u8@opt                                                          cstackCOMRAM 000006
uart_write_u8@uart_id                                                      cstackCOMRAM 00000C
wtemp6                                                                     temp         000052


FUNCTION INFORMATION:

 *************** function _main *****************
 Defined at:
		line 53 in file "../main.c"
 Parameters:    Size  Location     Type
		None
 Auto vars:     Size  Location     Type
		None
 Return value:  Size  Location     Type
                  1    wreg      void 
 Registers used:
		wreg, fsr2l, fsr2h, status,2, status,0, cstack
 Tracked objects:
		On entry : 
		On exit  : 
		Unchanged: 
 Data sizes:     COMRAM   BANK0   BANK1   BANK2   BANK3   BANK4   BANK5
      Params:         0       0       0       0       0       0       0
      Locals:         0       0       0       0       0       0       0
      Temps:          0       0       0       0       0       0       0
      Totals:         0       0       0       0       0       0       0
Total ram usage:        0 bytes
 Hardware stack levels required when called:    9
 This function calls:
		_lcd_2x16_init
		_timer2_init
		_uart_init
 This function is called by:
		Startup code after reset
 This function uses a non-reentrant model


 *************** function _uart_init *****************
 Defined at:
		line 35 in file "../../../../Libraries/lib_pic/uart.c"
 Parameters:    Size  Location     Type
  uart_id         1    wreg     enum E2250
  baudrate        4   58[BANK0 ] unsigned long 
  opt             2   62[BANK0 ] unsigned short 
 Auto vars:     Size  Location     Type
  uart_id         1   70[BANK0 ] enum E2250
  UART_BRG        3   64[BANK0 ] float 
 Return value:  Size  Location     Type
                  1    wreg      enum E2190
 Registers used:
		wreg, fsr2l, fsr2h, status,2, status,0, cstack
 Tracked objects:
		On entry : 
		On exit  : 
		Unchanged: 
 Data sizes:     COMRAM   BANK0   BANK1   BANK2   BANK3   BANK4   BANK5
      Params:         0       6       0       0       0       0       0
      Locals:         0       7       0       0       0       0       0
      Temps:          0       0       0       0       0       0       0
      Totals:         0      13       0       0       0       0       0
Total ram usage:       13 bytes
 Hardware stack levels used:    1
 Hardware stack levels required when called:    8
 This function calls:
		___ftadd
		___ftdiv
		___ftmul
		___fttol
		___lltoft
		_ceil
		_delay_ms
 This function is called by:
		_main
 This function uses a non-reentrant model


 *************** function _ceil *****************
 Defined at:
		line 13 in file "C:\Programs\Microchip\xc8\v1.44\sources\common\ceil.c"
 Parameters:    Size  Location     Type
  x               3   50[BANK0 ] enum E2190
 Auto vars:     Size  Location     Type
  i               3   53[BANK0 ] enum E2190
  expon           2   56[BANK0 ] int 
 Return value:  Size  Location     Type
                  3   50[BANK0 ] int 
 Registers used:
		wreg, fsr2l, fsr2h, status,2, status,0, cstack
 Tracked objects:
		On entry : 
		On exit  : 
		Unchanged: 
 Data sizes:     COMRAM   BANK0   BANK1   BANK2   BANK3   BANK4   BANK5
      Params:         0       3       0       0       0       0       0
      Locals:         0       5       0       0       0       0       0
      Temps:          0       0       0       0       0       0       0
      Totals:         0       8       0       0       0       0       0
Total ram usage:        8 bytes
 Hardware stack levels used:    1
 Hardware stack levels required when called:    7
 This function calls:
		___altoft
		___ftadd
		___ftge
		___fttol
		_frexp
 This function is called by:
		_uart_init
 This function uses a non-reentrant model


 *************** function _frexp *****************
 Defined at:
		line 254 in file "C:\Programs\Microchip\xc8\v1.44\sources\common\frexp.c"
 Parameters:    Size  Location     Type
  value           3   46[COMRAM] int 
  eptr            2   49[COMRAM] PTR int 
		 -> ceil@expon(2), 
 Auto vars:     Size  Location     Type
		None
 Return value:  Size  Location     Type
                  3   46[COMRAM] PTR int 
 Registers used:
		wreg, fsr2l, fsr2h, status,2, status,0
 Tracked objects:
		On entry : 
		On exit  : 
		Unchanged: 
 Data sizes:     COMRAM   BANK0   BANK1   BANK2   BANK3   BANK4   BANK5
      Params:         5       0       0       0       0       0       0
      Locals:         0       0       0       0       0       0       0
      Temps:          2       0       0       0       0       0       0
      Totals:         7       0       0       0       0       0       0
Total ram usage:        7 bytes
 Hardware stack levels used:    1
 Hardware stack levels required when called:    5
 This function calls:
		Nothing
 This function is called by:
		_ceil
 This function uses a non-reentrant model


 *************** function ___fttol *****************
 Defined at:
		line 44 in file "C:\Programs\Microchip\xc8\v1.44\sources\common\fttol.c"
 Parameters:    Size  Location     Type
  f1              3   46[COMRAM] float 
 Auto vars:     Size  Location     Type
  lval            4    1[BANK0 ] unsigned long 
  exp1            1    5[BANK0 ] unsigned char 
  sign1           1    0[BANK0 ] unsigned char 
 Return value:  Size  Location     Type
                  4   46[COMRAM] long 
 Registers used:
		wreg, status,2, status,0
 Tracked objects:
		On entry : 
		On exit  : 
		Unchanged: 
 Data sizes:     COMRAM   BANK0   BANK1   BANK2   BANK3   BANK4   BANK5
      Params:         4       0       0       0       0       0       0
      Locals:         0       6       0       0       0       0       0
      Temps:          5       0       0       0       0       0       0
      Totals:         9       6       0       0       0       0       0
Total ram usage:       15 bytes
 Hardware stack levels used:    1
 Hardware stack levels required when called:    5
 This function calls:
		Nothing
 This function is called by:
		_uart_init
		_ceil
 This function uses a non-reentrant model


 *************** function ___ftge *****************
 Defined at:
		line 4 in file "C:\Programs\Microchip\xc8\v1.44\sources\common\ftge.c"
 Parameters:    Size  Location     Type
  ff1             3   46[COMRAM] float 
  ff2             3   49[COMRAM] float 
 Auto vars:     Size  Location     Type
		None
 Return value:  Size  Location     Type
		None               void
 Registers used:
		wreg, status,2, status,0
 Tracked objects:
		On entry : 
		On exit  : 
		Unchanged: 
 Data sizes:     COMRAM   BANK0   BANK1   BANK2   BANK3   BANK4   BANK5
      Params:         6       0       0       0       0       0       0
      Locals:         0       0       0       0       0       0       0
      Temps:          3       0       0       0       0       0       0
      Totals:         9       0       0       0       0       0       0
Total ram usage:        9 bytes
 Hardware stack levels used:    1
 Hardware stack levels required when called:    5
 This function calls:
		Nothing
 This function is called by:
		_ceil
		_float_2_bcd
		_double_2_bcd
 This function uses a non-reentrant model


 *************** function ___ftadd *****************
 Defined at:
		line 86 in file "C:\Programs\Microchip\xc8\v1.44\sources\common\ftadd.c"
 Parameters:    Size  Location     Type
  f1              3   38[BANK0 ] float 
  f2              3   41[BANK0 ] float 
 Auto vars:     Size  Location     Type
  exp1            1   49[BANK0 ] unsigned char 
  exp2            1   48[BANK0 ] unsigned char 
  sign            1   47[BANK0 ] unsigned char 
 Return value:  Size  Location     Type
                  3   38[BANK0 ] float 
 Registers used:
		wreg, status,2, status,0, cstack
 Tracked objects:
		On entry : 
		On exit  : 
		Unchanged: 
 Data sizes:     COMRAM   BANK0   BANK1   BANK2   BANK3   BANK4   BANK5
      Params:         0       6       0       0       0       0       0
      Locals:         0       3       0       0       0       0       0
      Temps:          0       3       0       0       0       0       0
      Totals:         0      12       0       0       0       0       0
Total ram usage:       12 bytes
 Hardware stack levels used:    1
 Hardware stack levels required when called:    6
 This function calls:
		___ftpack
 This function is called by:
		_uart_init
		_ceil
 This function uses a non-reentrant model


 *************** function ___altoft *****************
 Defined at:
		line 42 in file "C:\Programs\Microchip\xc8\v1.44\sources\common\altoft.c"
 Parameters:    Size  Location     Type
  c               4    6[BANK0 ] long 
 Auto vars:     Size  Location     Type
  sign            1   15[BANK0 ] unsigned char 
  exp             1   14[BANK0 ] unsigned char 
 Return value:  Size  Location     Type
                  3    6[BANK0 ] float 
 Registers used:
		wreg, status,2, status,0, cstack
 Tracked objects:
		On entry : 
		On exit  : 
		Unchanged: 
 Data sizes:     COMRAM   BANK0   BANK1   BANK2   BANK3   BANK4   BANK5
      Params:         0       4       0       0       0       0       0
      Locals:         0       2       0       0       0       0       0
      Temps:          0       4       0       0       0       0       0
      Totals:         0      10       0       0       0       0       0
Total ram usage:       10 bytes
 Hardware stack levels used:    1
 Hardware stack levels required when called:    6
 This function calls:
		___ftpack
 This function is called by:
		_ceil
 This function uses a non-reentrant model


 *************** function ___lltoft *****************
 Defined at:
		line 35 in file "C:\Programs\Microchip\xc8\v1.44\sources\common\lltoft.c"
 Parameters:    Size  Location     Type
  c               4    0[BANK0 ] unsigned long 
 Auto vars:     Size  Location     Type
  exp             1   54[COMRAM] unsigned char 
 Return value:  Size  Location     Type
                  3    0[BANK0 ] float 
 Registers used:
		wreg, status,2, status,0, cstack
 Tracked objects:
		On entry : 
		On exit  : 
		Unchanged: 
 Data sizes:     COMRAM   BANK0   BANK1   BANK2   BANK3   BANK4   BANK5
      Params:         0       4       0       0       0       0       0
      Locals:         1       0       0       0       0       0       0
      Temps:          0       4       0       0       0       0       0
      Totals:         1       8       0       0       0       0       0
Total ram usage:        9 bytes
 Hardware stack levels used:    1
 Hardware stack levels required when called:    6
 This function calls:
		___ftpack
 This function is called by:
		_uart_init
 This function uses a non-reentrant model


 *************** function ___ftmul *****************
 Defined at:
		line 62 in file "C:\Programs\Microchip\xc8\v1.44\sources\common\ftmul.c"
 Parameters:    Size  Location     Type
  f1              3    8[BANK0 ] float 
  f2              3   11[BANK0 ] float 
 Auto vars:     Size  Location     Type
  f3_as_produc    3   18[BANK0 ] unsigned um
  sign            1   22[BANK0 ] unsigned char 
  cntr            1   21[BANK0 ] unsigned char 
  exp             1   17[BANK0 ] unsigned char 
 Return value:  Size  Location     Type
                  3    8[BANK0 ] float 
 Registers used:
		wreg, status,2, status,0, cstack
 Tracked objects:
		On entry : 
		On exit  : 
		Unchanged: 
 Data sizes:     COMRAM   BANK0   BANK1   BANK2   BANK3   BANK4   BANK5
      Params:         0       6       0       0       0       0       0
      Locals:         0       6       0       0       0       0       0
      Temps:          0       3       0       0       0       0       0
      Totals:         0      15       0       0       0       0       0
Total ram usage:       15 bytes
 Hardware stack levels used:    1
 Hardware stack levels required when called:    6
 This function calls:
		___ftpack
 This function is called by:
		_uart_init
 This function uses a non-reentrant model


 *************** function ___ftdiv *****************
 Defined at:
		line 54 in file "C:\Programs\Microchip\xc8\v1.44\sources\common\ftdiv.c"
 Parameters:    Size  Location     Type
  f1              3   23[BANK0 ] float 
  f2              3   26[BANK0 ] float 
 Auto vars:     Size  Location     Type
  f3              3   33[BANK0 ] float 
  sign            1   37[BANK0 ] unsigned char 
  exp             1   36[BANK0 ] unsigned char 
  cntr            1   32[BANK0 ] unsigned char 
 Return value:  Size  Location     Type
                  3   23[BANK0 ] float 
 Registers used:
		wreg, status,2, status,0, cstack
 Tracked objects:
		On entry : 
		On exit  : 
		Unchanged: 
 Data sizes:     COMRAM   BANK0   BANK1   BANK2   BANK3   BANK4   BANK5
      Params:         0       6       0       0       0       0       0
      Locals:         0       6       0       0       0       0       0
      Temps:          0       3       0       0       0       0       0
      Totals:         0      15       0       0       0       0       0
Total ram usage:       15 bytes
 Hardware stack levels used:    1
 Hardware stack levels required when called:    6
 This function calls:
		___ftpack
 This function is called by:
		_uart_init
 This function uses a non-reentrant model


 *************** function ___ftpack *****************
 Defined at:
		line 62 in file "C:\Programs\Microchip\xc8\v1.44\sources\common\float.c"
 Parameters:    Size  Location     Type
  arg             3   46[COMRAM] unsigned um
  exp             1   49[COMRAM] unsigned char 
  sign            1   50[COMRAM] unsigned char 
 Auto vars:     Size  Location     Type
		None
 Return value:  Size  Location     Type
                  3   46[COMRAM] float 
 Registers used:
		wreg, status,2, status,0
 Tracked objects:
		On entry : 
		On exit  : 
		Unchanged: 
 Data sizes:     COMRAM   BANK0   BANK1   BANK2   BANK3   BANK4   BANK5
      Params:         5       0       0       0       0       0       0
      Locals:         0       0       0       0       0       0       0
      Temps:          3       0       0       0       0       0       0
      Totals:         8       0       0       0       0       0       0
Total ram usage:        8 bytes
 Hardware stack levels used:    1
 Hardware stack levels required when called:    5
 This function calls:
		Nothing
 This function is called by:
		___altoft
		___ftadd
		___ftdiv
		___ftmul
		___lltoft
 This function uses a non-reentrant model


 *************** function _timer2_init *****************
 Defined at:
		line 82 in file "../../../../Libraries/lib_pic/timer.c"
 Parameters:    Size  Location     Type
  scaler          1    wreg     enum E2470
  timer           2   46[COMRAM] unsigned short 
 Auto vars:     Size  Location     Type
  scaler          1   49[COMRAM] enum E2470
 Return value:  Size  Location     Type
                  1    wreg      void 
 Registers used:
		wreg, status,2, status,0
 Tracked objects:
		On entry : 
		On exit  : 
		Unchanged: 
 Data sizes:     COMRAM   BANK0   BANK1   BANK2   BANK3   BANK4   BANK5
      Params:         2       0       0       0       0       0       0
      Locals:         1       0       0       0       0       0       0
      Temps:          1       0       0       0       0       0       0
      Totals:         4       0       0       0       0       0       0
Total ram usage:        4 bytes
 Hardware stack levels used:    1
 Hardware stack levels required when called:    5
 This function calls:
		Nothing
 This function is called by:
		_main
 This function uses a non-reentrant model


 *************** function _lcd_2x16_init *****************
 Defined at:
		line 29 in file "../../../../Libraries/lib_lcd/lcd_2x16.c"
 Parameters:    Size  Location     Type
		None
 Auto vars:     Size  Location     Type
		None
 Return value:  Size  Location     Type
                  1    wreg      void 
 Registers used:
		wreg, status,2, status,0, cstack
 Tracked objects:
		On entry : 
		On exit  : 
		Unchanged: 
 Data sizes:     COMRAM   BANK0   BANK1   BANK2   BANK3   BANK4   BANK5
      Params:         0       0       0       0       0       0       0
      Locals:         0       0       0       0       0       0       0
      Temps:          0       0       0       0       0       0       0
      Totals:         0       0       0       0       0       0       0
Total ram usage:        0 bytes
 Hardware stack levels used:    1
 Hardware stack levels required when called:    7
 This function calls:
		_delay_ms
		_lcd_2x16_write
 This function is called by:
		_main
 This function uses a non-reentrant model


 *************** function _lcd_2x16_write *****************
 Defined at:
		line 89 in file "../../../../Libraries/lib_lcd/lcd_2x16.c"
 Parameters:    Size  Location     Type
  data            2   52[COMRAM] unsigned short 
  rs              1   54[COMRAM] unsigned char 
 Auto vars:     Size  Location     Type
		None
 Return value:  Size  Location     Type
                  1    wreg      void 
 Registers used:
		wreg, status,2, status,0, cstack
 Tracked objects:
		On entry : 
		On exit  : 
		Unchanged: 
 Data sizes:     COMRAM   BANK0   BANK1   BANK2   BANK3   BANK4   BANK5
      Params:         3       0       0       0       0       0       0
      Locals:         0       0       0       0       0       0       0
      Temps:          0       3       0       0       0       0       0
      Totals:         3       3       0       0       0       0       0
Total ram usage:        6 bytes
 Hardware stack levels used:    1
 Hardware stack levels required when called:    6
 This function calls:
		_delay_us
 This function is called by:
		_lcd_2x16_init
		_lcd_2x16_clear
		_lcd_2x16_write_2hex
		_lcd_2x16_write_binary
		_lcd_2x16_write_s8
		_lcd_2x16_write_s16
		_lcd_2x16_write_s32
		_lcd_2x16_write_float
		_lcd_2x16_write_double
		_lcd_2x16_write_u8
		_lcd_2x16_write_u16
		_lcd_2x16_write_u32
		_lcd_write_temperature
 This function uses a non-reentrant model


 *************** function _delay_us *****************
 Defined at:
		line 27 in file "../../../../Libraries/lib_misc/delays.c"
 Parameters:    Size  Location     Type
  loop            2   46[COMRAM] unsigned short 
 Auto vars:     Size  Location     Type
  k               2   50[COMRAM] unsigned short 
  i               2   48[COMRAM] unsigned short 
 Return value:  Size  Location     Type
                  1    wreg      void 
 Registers used:
		wreg, status,2, status,0
 Tracked objects:
		On entry : 
		On exit  : 
		Unchanged: 
 Data sizes:     COMRAM   BANK0   BANK1   BANK2   BANK3   BANK4   BANK5
      Params:         2       0       0       0       0       0       0
      Locals:         4       0       0       0       0       0       0
      Temps:          0       0       0       0       0       0       0
      Totals:         6       0       0       0       0       0       0
Total ram usage:        6 bytes
 Hardware stack levels used:    1
 Hardware stack levels required when called:    5
 This function calls:
		Nothing
 This function is called by:
		_lcd_2x16_write
 This function uses a non-reentrant model


 *************** function _delay_ms *****************
 Defined at:
		line 39 in file "../../../../Libraries/lib_misc/delays.c"
 Parameters:    Size  Location     Type
  loop            2   46[COMRAM] unsigned short 
 Auto vars:     Size  Location     Type
  k               2   50[COMRAM] unsigned short 
  i               2   48[COMRAM] unsigned short 
 Return value:  Size  Location     Type
                  1    wreg      void 
 Registers used:
		wreg, status,2, status,0
 Tracked objects:
		On entry : 
		On exit  : 
		Unchanged: 
 Data sizes:     COMRAM   BANK0   BANK1   BANK2   BANK3   BANK4   BANK5
      Params:         2       0       0       0       0       0       0
      Locals:         4       0       0       0       0       0       0
      Temps:          0       0       0       0       0       0       0
      Totals:         6       0       0       0       0       0       0
Total ram usage:        6 bytes
 Hardware stack levels used:    1
 Hardware stack levels required when called:    5
 This function calls:
		Nothing
 This function is called by:
		_lcd_2x16_init
		_uart_init
 This function uses a non-reentrant model


 *************** function _timer2_irq *****************
 Defined at:
		line 23 in file "../main.c"
 Parameters:    Size  Location     Type
		None
 Auto vars:     Size  Location     Type
		None
 Return value:  Size  Location     Type
                  1    wreg      void 
 Registers used:
		wreg, fsr0l, fsr0h, fsr2l, fsr2h, status,2, status,0, tblptrl, tblptrh, tblptru, cstack
 Tracked objects:
		On entry : 
		On exit  : 
		Unchanged: 
 Data sizes:     COMRAM   BANK0   BANK1   BANK2   BANK3   BANK4   BANK5
      Params:         0       0       0       0       0       0       0
      Locals:         0       0       0       0       0       0       0
      Temps:         18       0       0       0       0       0       0
      Totals:        18       0       0       0       0       0       0
Total ram usage:       18 bytes
 Hardware stack levels used:    1
 Hardware stack levels required when called:    4
 This function calls:
		_clock_update
		_lcd_write_hour
		_uart_write_u8
 This function is called by:
		Interrupt level 2
 This function uses a non-reentrant model


 *************** function _uart_write_u8 *****************
 Defined at:
		line 361 in file "../../../../Libraries/lib_pic/uart.c"
 Parameters:    Size  Location     Type
  uart_id         1    wreg     enum E2250
  data            1    4[COMRAM] unsigned char 
  opt             1    5[COMRAM] unsigned char 
 Auto vars:     Size  Location     Type
  uart_id         1   11[COMRAM] enum E2250
  bcd             5    6[COMRAM] unsigned char [5]
 Return value:  Size  Location     Type
                  1    wreg      enum E2190
 Registers used:
		wreg, fsr2l, fsr2h, status,2, status,0, cstack
 Tracked objects:
		On entry : 
		On exit  : 
		Unchanged: 
 Data sizes:     COMRAM   BANK0   BANK1   BANK2   BANK3   BANK4   BANK5
      Params:         2       0       0       0       0       0       0
      Locals:         6       0       0       0       0       0       0
      Temps:          0       0       0       0       0       0       0
      Totals:         8       0       0       0       0       0       0
Total ram usage:        8 bytes
 Hardware stack levels used:    1
 Hardware stack levels required when called:    1
 This function calls:
		_dec_2_bcd
		_uart_write
 This function is called by:
		_timer2_irq
 This function uses a non-reentrant model


 *************** function _uart_write *****************
 Defined at:
		line 210 in file "../../../../Libraries/lib_pic/uart.c"
 Parameters:    Size  Location     Type
  uart_id         1    wreg     enum E2250
  data            1    0[COMRAM] unsigned char 
 Auto vars:     Size  Location     Type
  uart_id         1    1[COMRAM] enum E2250
 Return value:  Size  Location     Type
                  1    wreg      enum E2190
 Registers used:
		wreg, status,2
 Tracked objects:
		On entry : 
		On exit  : 
		Unchanged: 
 Data sizes:     COMRAM   BANK0   BANK1   BANK2   BANK3   BANK4   BANK5
      Params:         1       0       0       0       0       0       0
      Locals:         1       0       0       0       0       0       0
      Temps:          0       0       0       0       0       0       0
      Totals:         2       0       0       0       0       0       0
Total ram usage:        2 bytes
 Hardware stack levels used:    1
 This function calls:
		Nothing
 This function is called by:
		_uart_write_u8
		_uart_write_char
		_uart_write_hexa_u8
		_uart_write_hexa_u16
		_uart_write_u16
		_uart_write_hexa_u32
		_uart_write_u32
		_uart_write_date
		_uart_write_temperature
 This function uses a non-reentrant model


 *************** function _lcd_write_hour *****************
 Defined at:
		line 430 in file "../../../../Libraries/lib_lcd/lcd_2x16.c"
 Parameters:    Size  Location     Type
  t               7   19[COMRAM] struct .
  ligne           1   26[COMRAM] enum E2268
  pos             1   27[COMRAM] unsigned char 
 Auto vars:     Size  Location     Type
		None
 Return value:  Size  Location     Type
                  1    wreg      void 
 Registers used:
		wreg, fsr2l, fsr2h, status,2, status,0, tblptrl, tblptrh, tblptru, cstack
 Tracked objects:
		On entry : 
		On exit  : 
		Unchanged: 
 Data sizes:     COMRAM   BANK0   BANK1   BANK2   BANK3   BANK4   BANK5
      Params:         9       0       0       0       0       0       0
      Locals:         0       0       0       0       0       0       0
      Temps:          0       0       0       0       0       0       0
      Totals:         9       0       0       0       0       0       0
Total ram usage:        9 bytes
 Hardware stack levels used:    1
 Hardware stack levels required when called:    3
 This function calls:
		_lcd_2x16_position
		_lcd_2x16_write_2bcd
		_lcd_2x16_write_string
 This function is called by:
		_timer2_irq
 This function uses a non-reentrant model


 *************** function _lcd_2x16_write_string *****************
 Defined at:
		line 156 in file "../../../../Libraries/lib_lcd/lcd_2x16.c"
 Parameters:    Size  Location     Type
  string          2   12[COMRAM] PTR const unsigned char 
		 -> STR_5(2), STR_4(2), STR_3(2), STR_2(2), 
		 -> STR_1(2), 
 Auto vars:     Size  Location     Type
		None
 Return value:  Size  Location     Type
                  1    wreg      void 
 Registers used:
		wreg, status,2, status,0, tblptrl, tblptrh, tblptru, cstack
 Tracked objects:
		On entry : 
		On exit  : 
		Unchanged: 
 Data sizes:     COMRAM   BANK0   BANK1   BANK2   BANK3   BANK4   BANK5
      Params:         2       0       0       0       0       0       0
      Locals:         0       0       0       0       0       0       0
      Temps:          0       0       0       0       0       0       0
      Totals:         2       0       0       0       0       0       0
Total ram usage:        2 bytes
 Hardware stack levels used:    1
 Hardware stack levels required when called:    2
 This function calls:
		i2_lcd_2x16_write
 This function is called by:
		_lcd_write_hour
		_lcd_write_date
 This function uses a non-reentrant model


 *************** function _lcd_2x16_write_2bcd *****************
 Defined at:
		line 168 in file "../../../../Libraries/lib_lcd/lcd_2x16.c"
 Parameters:    Size  Location     Type
  data            2   12[COMRAM] unsigned short 
 Auto vars:     Size  Location     Type
  bcd             5   14[COMRAM] unsigned char [5]
 Return value:  Size  Location     Type
                  1    wreg      void 
 Registers used:
		wreg, fsr2l, fsr2h, status,2, status,0, cstack
 Tracked objects:
		On entry : 
		On exit  : 
		Unchanged: 
 Data sizes:     COMRAM   BANK0   BANK1   BANK2   BANK3   BANK4   BANK5
      Params:         2       0       0       0       0       0       0
      Locals:         5       0       0       0       0       0       0
      Temps:          0       0       0       0       0       0       0
      Totals:         7       0       0       0       0       0       0
Total ram usage:        7 bytes
 Hardware stack levels used:    1
 Hardware stack levels required when called:    2
 This function calls:
		_dec_2_bcd
		i2_lcd_2x16_write
 This function is called by:
		_lcd_write_hour
		_lcd_write_temperature
		_lcd_write_date
 This function uses a non-reentrant model


 *************** function _dec_2_bcd *****************
 Defined at:
		line 50 in file "../../../../Libraries/lib_misc/misc.c"
 Parameters:    Size  Location     Type
  dec             2    0[COMRAM] unsigned short 
  bcd             2    2[COMRAM] PTR unsigned char 
		 -> uart_write_temperature@bcd(5), uart_write_date@bcd(5), uart_write_u16@bcd(5), uart_write_u8@bcd(5), 
		 -> uart_write_char@bcd(5), lcd_2x16_write_u16@bcd(5), lcd_2x16_write_u8@bcd(5), lcd_2x16_write_s16@bcd(5), 
		 -> lcd_2x16_write_s8@bcd(5), lcd_2x16_write_2bcd@bcd(5), 
 Auto vars:     Size  Location     Type
		None
 Return value:  Size  Location     Type
                  1    wreg      void 
 Registers used:
		wreg, fsr2l, fsr2h, status,2, status,0
 Tracked objects:
		On entry : 
		On exit  : 
		Unchanged: 
 Data sizes:     COMRAM   BANK0   BANK1   BANK2   BANK3   BANK4   BANK5
      Params:         4       0       0       0       0       0       0
      Locals:         0       0       0       0       0       0       0
      Temps:          0       0       0       0       0       0       0
      Totals:         4       0       0       0       0       0       0
Total ram usage:        4 bytes
 Hardware stack levels used:    1
 This function calls:
		Nothing
 This function is called by:
		_lcd_2x16_write_2bcd
		_uart_write_u8
		_lcd_2x16_write_s8
		_lcd_2x16_write_s16
		_lcd_2x16_write_u8
		_lcd_2x16_write_u16
		_uart_write_char
		_uart_write_u16
		_uart_write_date
		_uart_write_temperature
 This function uses a non-reentrant model


 *************** function _lcd_2x16_position *****************
 Defined at:
		line 133 in file "../../../../Libraries/lib_lcd/lcd_2x16.c"
 Parameters:    Size  Location     Type
  ligne           1    wreg     enum E2268
  pos             1   12[COMRAM] unsigned char 
 Auto vars:     Size  Location     Type
  ligne           1   13[COMRAM] enum E2268
 Return value:  Size  Location     Type
                  1    wreg      void 
 Registers used:
		wreg, status,2, status,0, cstack
 Tracked objects:
		On entry : 
		On exit  : 
		Unchanged: 
 Data sizes:     COMRAM   BANK0   BANK1   BANK2   BANK3   BANK4   BANK5
      Params:         1       0       0       0       0       0       0
      Locals:         1       0       0       0       0       0       0
      Temps:          0       0       0       0       0       0       0
      Totals:         2       0       0       0       0       0       0
Total ram usage:        2 bytes
 Hardware stack levels used:    1
 Hardware stack levels required when called:    2
 This function calls:
		i2_lcd_2x16_write
 This function is called by:
		_lcd_write_hour
		_lcd_write_temperature
		_lcd_write_date
 This function uses a non-reentrant model


 *************** function i2_lcd_2x16_write *****************
 Defined at:
		line 89 in file "../../../../Libraries/lib_lcd/lcd_2x16.c"
 Parameters:    Size  Location     Type
  data            2    6[COMRAM] unsigned short 
  rs              1    8[COMRAM] unsigned char 
 Auto vars:     Size  Location     Type
		None
 Return value:  Size  Location     Type
                  1    wreg      void 
 Registers used:
		wreg, status,2, status,0, cstack
 Tracked objects:
		On entry : 
		On exit  : 
		Unchanged: 
 Data sizes:     COMRAM   BANK0   BANK1   BANK2   BANK3   BANK4   BANK5
      Params:         3       0       0       0       0       0       0
      Locals:         0       0       0       0       0       0       0
      Temps:          3       0       0       0       0       0       0
      Totals:         6       0       0       0       0       0       0
Total ram usage:        6 bytes
 Hardware stack levels used:    1
 Hardware stack levels required when called:    1
 This function calls:
		i2_delay_us
 This function is called by:
		_lcd_2x16_position
		_lcd_2x16_write_string
		_lcd_2x16_write_2bcd
 This function uses a non-reentrant model


 *************** function i2_delay_us *****************
 Defined at:
		line 27 in file "../../../../Libraries/lib_misc/delays.c"
 Parameters:    Size  Location     Type
  loop            2    0[COMRAM] unsigned short 
 Auto vars:     Size  Location     Type
  delay_us        2    4[COMRAM] unsigned short 
  delay_us        2    2[COMRAM] unsigned short 
 Return value:  Size  Location     Type
                  1    wreg      void 
 Registers used:
		wreg, status,2, status,0
 Tracked objects:
		On entry : 
		On exit  : 
		Unchanged: 
 Data sizes:     COMRAM   BANK0   BANK1   BANK2   BANK3   BANK4   BANK5
      Params:         2       0       0       0       0       0       0
      Locals:         4       0       0       0       0       0       0
      Temps:          0       0       0       0       0       0       0
      Totals:         6       0       0       0       0       0       0
Total ram usage:        6 bytes
 Hardware stack levels used:    1
 This function calls:
		Nothing
 This function is called by:
		i2_lcd_2x16_write
 This function uses a non-reentrant model


 *************** function _clock_update *****************
 Defined at:
		line 21 in file "../../../../Libraries/lib_misc/clock.c"
 Parameters:    Size  Location     Type
  t               2    0[COMRAM] PTR struct .
		 -> t(7), 
 Auto vars:     Size  Location     Type
		None
 Return value:  Size  Location     Type
                  1    wreg      void 
 Registers used:
		wreg, fsr2l, fsr2h, status,2, status,0
 Tracked objects:
		On entry : 
		On exit  : 
		Unchanged: 
 Data sizes:     COMRAM   BANK0   BANK1   BANK2   BANK3   BANK4   BANK5
      Params:         2       0       0       0       0       0       0
      Locals:         0       0       0       0       0       0       0
      Temps:          1       0       0       0       0       0       0
      Totals:         3       0       0       0       0       0       0
Total ram usage:        3 bytes
 Hardware stack levels used:    1
 This function calls:
		Nothing
 This function is called by:
		_timer2_irq
 This function uses a non-reentrant model



MODULE INFORMATION

Module		Function		Class		Link	Load	Size
../../../../Libraries/lib_pic/timer.c
		_timer2_init   		CODE           	179C	0000	51

../../../../Libraries/lib_pic/timer.c estimated size: 51

../main.c
		_timer2_irq    		CODE           	0008	0000	257
		_main          		CODE           	1598	0000	73

../main.c estimated size: 330

../../../../Libraries/lib_misc/misc.c
		_dec_2_bcd     		CODE           	0BBE	0000	255

../../../../Libraries/lib_misc/misc.c estimated size: 255

C:\Programs\Microchip\xc8\v1.44\sources\common\ceil.c
		_ceil          		CODE           	0AAE	0000	273

C:\Programs\Microchip\xc8\v1.44\sources\common\ceil.c estimated size: 273

C:\Programs\Microchip\xc8\v1.44\sources\common\ftadd.c
		___ftadd       		CODE           	0642	0000	467

C:\Programs\Microchip\xc8\v1.44\sources\common\ftadd.c estimated size: 467

../../../../Libraries/lib_pic/uart.c
		_uart_write    		CODE           	17CE	0000	27
		_uart_write_u8 		CODE           	14BA	0000	119
		_uart_init     		CODE           	1070	0000	215

../../../../Libraries/lib_pic/uart.c estimated size: 361

../../../../Libraries/lib_misc/delays.c
		_delay_us      		CODE           	16A8	0000	63
		_delay_ms      		CODE           	16E6	0000	63

../../../../Libraries/lib_misc/delays.c estimated size: 126

C:\Programs\Microchip\xc8\v1.44\sources\common\float.c
		___ftpack      		CODE           	1146	0000	197

C:\Programs\Microchip\xc8\v1.44\sources\common\float.c estimated size: 197

C:\Programs\Microchip\xc8\v1.44\sources\common\ftge.c
		___ftge        		CODE           	120A	0000	157

C:\Programs\Microchip\xc8\v1.44\sources\common\ftge.c estimated size: 157

C:\Programs\Microchip\xc8\v1.44\sources\common\lltoft.c
		___lltoft      		CODE           	1530	0000	105

C:\Programs\Microchip\xc8\v1.44\sources\common\lltoft.c estimated size: 105

C:\Programs\Microchip\xc8\v1.44\sources\common\altoft.c
		___altoft      		CODE           	1438	0000	131

C:\Programs\Microchip\xc8\v1.44\sources\common\altoft.c estimated size: 131

shared
		i2_lcd_2x16_write		CODE           	0968	0000	327
		__initialization		CODE           	1762	0000	45
		i2_delay_us    		CODE           	1724	0000	63

shared estimated size: 435

C:\Programs\Microchip\xc8\v1.44\sources\common\frexp.c
		_frexp         		CODE           	13B4	0000	133

C:\Programs\Microchip\xc8\v1.44\sources\common\frexp.c estimated size: 133

../../../../Libraries/lib_lcd/lcd_2x16.c
		_lcd_write_hour		CODE           	15E0	0000	71
		_lcd_2x16_init 		CODE           	0F8A	0000	231
		_lcd_2x16_write		CODE           	0814	0000	341
		_lcd_2x16_write_2bcd		CODE           	1626	0000	67
		_lcd_2x16_position		CODE           	12A6	0000	137
		_lcd_2x16_write_string		CODE           	1668	0000	65

../../../../Libraries/lib_lcd/lcd_2x16.c estimated size: 912

C:\Programs\Microchip\xc8\v1.44\sources\common\ftmul.c
		___ftmul       		CODE           	0CBC	0000	251

C:\Programs\Microchip\xc8\v1.44\sources\common\ftmul.c estimated size: 251

C:\Programs\Microchip\xc8\v1.44\sources\common\ftdiv.c
		___ftdiv       		CODE           	0EA2	0000	233

C:\Programs\Microchip\xc8\v1.44\sources\common\ftdiv.c estimated size: 233

C:\Programs\Microchip\xc8\v1.44\sources\common\fttol.c
		___fttol       		CODE           	0DB6	0000	237

C:\Programs\Microchip\xc8\v1.44\sources\common\fttol.c estimated size: 237

../../../../Libraries/lib_misc/clock.c
		_clock_update  		CODE           	132E	0000	135

../../../../Libraries/lib_misc/clock.c estimated size: 135

